Archive member included because of file (symbol)

C:\Users\Danijel\Documents\LPCXpresso_4.2.3_292\workspace\CMSISv2p00_LPC13xx\Release\libCMSISv2p00_LPC13xx.a(system_LPC13xx.o)
                              ./src/cr_startup_lpc13.o (SystemInit)
C:\Users\Danijel\Documents\LPCXpresso_4.2.3_292\workspace\Lib_EaBaseBoard\Release\libLib_EaBaseBoard.a(acc.o)
                              ./src/main.o (acc_init)
C:\Users\Danijel\Documents\LPCXpresso_4.2.3_292\workspace\Lib_EaBaseBoard\Release\libLib_EaBaseBoard.a(led7seg.o)
                              ./src/main.o (led7seg_init)
C:\Users\Danijel\Documents\LPCXpresso_4.2.3_292\workspace\Lib_EaBaseBoard\Release\libLib_EaBaseBoard.a(light.o)
                              ./src/main.o (light_enable)
C:\Users\Danijel\Documents\LPCXpresso_4.2.3_292\workspace\Lib_EaBaseBoard\Release\libLib_EaBaseBoard.a(oled.o)
                              ./src/main.o (oled_init)
C:\Users\Danijel\Documents\LPCXpresso_4.2.3_292\workspace\Lib_EaBaseBoard\Release\libLib_EaBaseBoard.a(pca9532.o)
                              ./src/main.o (pca9532_init)
C:\Users\Danijel\Documents\LPCXpresso_4.2.3_292\workspace\Lib_EaBaseBoard\Release\libLib_EaBaseBoard.a(rgb.o)
                              ./src/main.o (rgb_init)
C:\Users\Danijel\Documents\LPCXpresso_4.2.3_292\workspace\Lib_EaBaseBoard\Release\libLib_EaBaseBoard.a(rotary.o)
                              ./src/main.o (rotary_init)
C:\Users\Danijel\Documents\LPCXpresso_4.2.3_292\workspace\Lib_EaBaseBoard\Release\libLib_EaBaseBoard.a(temp.o)
                              ./src/main.o (temp_init)
C:\Users\Danijel\Documents\LPCXpresso_4.2.3_292\workspace\Lib_EaBaseBoard\Release\libLib_EaBaseBoard.a(font5x7.o)
                              C:\Users\Danijel\Documents\LPCXpresso_4.2.3_292\workspace\Lib_EaBaseBoard\Release\libLib_EaBaseBoard.a(oled.o) (font5x7)
C:\Users\Danijel\Documents\LPCXpresso_4.2.3_292\workspace\Lib_MCU\Release\libLib_MCU.a(adc.o)
                              ./src/main.o (ADCInit)
C:\Users\Danijel\Documents\LPCXpresso_4.2.3_292\workspace\Lib_MCU\Release\libLib_MCU.a(gpio.o)
                              ./src/main.o (GPIOInit)
C:\Users\Danijel\Documents\LPCXpresso_4.2.3_292\workspace\Lib_MCU\Release\libLib_MCU.a(i2c.o)
                              ./src/main.o (I2CInit)
C:\Users\Danijel\Documents\LPCXpresso_4.2.3_292\workspace\Lib_MCU\Release\libLib_MCU.a(ssp.o)
                              ./src/main.o (SSPInit)
C:\Users\Danijel\Documents\LPCXpresso_4.2.3_292\workspace\Lib_MCU\Release\libLib_MCU.a(timer16.o)
                              ./src/main.o (delayMs)
C:\Users\Danijel\Documents\LPCXpresso_4.2.3_292\workspace\Lib_MCU\Release\libLib_MCU.a(timer32.o)
                              ./src/main.o (enable_timer32)
c:/nxp/lpcxpresso_4.2.3_292/lpcxpresso/tools/bin/../lib/gcc/arm-none-eabi/4.5.1/../../../../arm-none-eabi/lib/thumb2\libcr_c.a(__weak__main.o)
                              ./src/cr_startup_lpc13.o (__main)
c:/nxp/lpcxpresso_4.2.3_292/lpcxpresso/tools/bin/../lib/gcc/arm-none-eabi/4.5.1/../../../../arm-none-eabi/lib/thumb2\libcr_c.a(memset.o)
                              C:\Users\Danijel\Documents\LPCXpresso_4.2.3_292\workspace\Lib_EaBaseBoard\Release\libLib_EaBaseBoard.a(oled.o) (memset)
c:/nxp/lpcxpresso_4.2.3_292/lpcxpresso/tools/bin/../lib/gcc/arm-none-eabi/4.5.1/thumb2\libcr_eabihelpers.a(double.o)
                              ./src/main.o (__aeabi_dsub)
c:/nxp/lpcxpresso_4.2.3_292/lpcxpresso/tools/bin/../lib/gcc/arm-none-eabi/4.5.1/thumb2\libcr_eabihelpers.a(float.o)
                              ./src/main.o (__aeabi_fmul)
c:/nxp/lpcxpresso_4.2.3_292/lpcxpresso/tools/bin/../lib/gcc/arm-none-eabi/4.5.1/thumb2\libcr_eabihelpers.a(memcpy.o)
                              c:/nxp/lpcxpresso_4.2.3_292/lpcxpresso/tools/bin/../lib/gcc/arm-none-eabi/4.5.1/../../../../arm-none-eabi/lib/thumb2\libcr_c.a(memset.o) (__aeabi_lowlevel_memset)

Allocating common symbols
Common symbol       size              file

min_light_mjer      0x4               ./src/main.o
max_temp_mjer       0x4               ./src/main.o
min_temp_mjer       0x4               ./src/main.o
ADCValue            0x20              C:\Users\Danijel\Documents\LPCXpresso_4.2.3_292\workspace\Lib_MCU\Release\libLib_MCU.a(adc.o)
max_light_mjer      0x4               ./src/main.o

Discarded input sections

 .text          0x00000000        0x0 ./src/cr_startup_lpc13.o
 .data          0x00000000        0x0 ./src/cr_startup_lpc13.o
 .bss           0x00000000        0x0 ./src/cr_startup_lpc13.o
 .text          0x00000000        0x0 ./src/main.o
 .data          0x00000000        0x0 ./src/main.o
 .bss           0x00000000        0x0 ./src/main.o
 .text          0x00000000        0x0 C:\Users\Danijel\Documents\LPCXpresso_4.2.3_292\workspace\CMSISv2p00_LPC13xx\Release\libCMSISv2p00_LPC13xx.a(system_LPC13xx.o)
 .data          0x00000000        0x0 C:\Users\Danijel\Documents\LPCXpresso_4.2.3_292\workspace\CMSISv2p00_LPC13xx\Release\libCMSISv2p00_LPC13xx.a(system_LPC13xx.o)
 .bss           0x00000000        0x0 C:\Users\Danijel\Documents\LPCXpresso_4.2.3_292\workspace\CMSISv2p00_LPC13xx\Release\libCMSISv2p00_LPC13xx.a(system_LPC13xx.o)
 .text.SystemCoreClockUpdate
                0x00000000       0xa4 C:\Users\Danijel\Documents\LPCXpresso_4.2.3_292\workspace\CMSISv2p00_LPC13xx\Release\libCMSISv2p00_LPC13xx.a(system_LPC13xx.o)
 .rodata.CSWTCH.6
                0x00000000       0x40 C:\Users\Danijel\Documents\LPCXpresso_4.2.3_292\workspace\CMSISv2p00_LPC13xx\Release\libCMSISv2p00_LPC13xx.a(system_LPC13xx.o)
 .text          0x00000000        0x0 C:\Users\Danijel\Documents\LPCXpresso_4.2.3_292\workspace\Lib_EaBaseBoard\Release\libLib_EaBaseBoard.a(acc.o)
 .data          0x00000000        0x0 C:\Users\Danijel\Documents\LPCXpresso_4.2.3_292\workspace\Lib_EaBaseBoard\Release\libLib_EaBaseBoard.a(acc.o)
 .bss           0x00000000        0x0 C:\Users\Danijel\Documents\LPCXpresso_4.2.3_292\workspace\Lib_EaBaseBoard\Release\libLib_EaBaseBoard.a(acc.o)
 .text.getModeControl
                0x00000000       0x28 C:\Users\Danijel\Documents\LPCXpresso_4.2.3_292\workspace\Lib_EaBaseBoard\Release\libLib_EaBaseBoard.a(acc.o)
 .text.acc_setRange
                0x00000000       0x1c C:\Users\Danijel\Documents\LPCXpresso_4.2.3_292\workspace\Lib_EaBaseBoard\Release\libLib_EaBaseBoard.a(acc.o)
 .text.acc_setMode
                0x00000000       0x18 C:\Users\Danijel\Documents\LPCXpresso_4.2.3_292\workspace\Lib_EaBaseBoard\Release\libLib_EaBaseBoard.a(acc.o)
 .text          0x00000000        0x0 C:\Users\Danijel\Documents\LPCXpresso_4.2.3_292\workspace\Lib_EaBaseBoard\Release\libLib_EaBaseBoard.a(led7seg.o)
 .data          0x00000000        0x0 C:\Users\Danijel\Documents\LPCXpresso_4.2.3_292\workspace\Lib_EaBaseBoard\Release\libLib_EaBaseBoard.a(led7seg.o)
 .bss           0x00000000        0x0 C:\Users\Danijel\Documents\LPCXpresso_4.2.3_292\workspace\Lib_EaBaseBoard\Release\libLib_EaBaseBoard.a(led7seg.o)
 .text          0x00000000        0x0 C:\Users\Danijel\Documents\LPCXpresso_4.2.3_292\workspace\Lib_EaBaseBoard\Release\libLib_EaBaseBoard.a(light.o)
 .bss           0x00000000        0x0 C:\Users\Danijel\Documents\LPCXpresso_4.2.3_292\workspace\Lib_EaBaseBoard\Release\libLib_EaBaseBoard.a(light.o)
 .text.light_init
                0x00000000        0x4 C:\Users\Danijel\Documents\LPCXpresso_4.2.3_292\workspace\Lib_EaBaseBoard\Release\libLib_EaBaseBoard.a(light.o)
 .text.light_setMode
                0x00000000       0x2c C:\Users\Danijel\Documents\LPCXpresso_4.2.3_292\workspace\Lib_EaBaseBoard\Release\libLib_EaBaseBoard.a(light.o)
 .text.light_setHiThreshold
                0x00000000       0x38 C:\Users\Danijel\Documents\LPCXpresso_4.2.3_292\workspace\Lib_EaBaseBoard\Release\libLib_EaBaseBoard.a(light.o)
 .text.light_setLoThreshold
                0x00000000       0x38 C:\Users\Danijel\Documents\LPCXpresso_4.2.3_292\workspace\Lib_EaBaseBoard\Release\libLib_EaBaseBoard.a(light.o)
 .text.light_setIrqInCycles
                0x00000000       0x2c C:\Users\Danijel\Documents\LPCXpresso_4.2.3_292\workspace\Lib_EaBaseBoard\Release\libLib_EaBaseBoard.a(light.o)
 .text.light_getIrqStatus
                0x00000000        0xc C:\Users\Danijel\Documents\LPCXpresso_4.2.3_292\workspace\Lib_EaBaseBoard\Release\libLib_EaBaseBoard.a(light.o)
 .text.light_clearIrqStatus
                0x00000000       0x24 C:\Users\Danijel\Documents\LPCXpresso_4.2.3_292\workspace\Lib_EaBaseBoard\Release\libLib_EaBaseBoard.a(light.o)
 .text.light_shutdown
                0x00000000       0x3c C:\Users\Danijel\Documents\LPCXpresso_4.2.3_292\workspace\Lib_EaBaseBoard\Release\libLib_EaBaseBoard.a(light.o)
 .text          0x00000000        0x0 C:\Users\Danijel\Documents\LPCXpresso_4.2.3_292\workspace\Lib_EaBaseBoard\Release\libLib_EaBaseBoard.a(oled.o)
 .data          0x00000000        0x0 C:\Users\Danijel\Documents\LPCXpresso_4.2.3_292\workspace\Lib_EaBaseBoard\Release\libLib_EaBaseBoard.a(oled.o)
 .text.oled_line
                0x00000000      0x138 C:\Users\Danijel\Documents\LPCXpresso_4.2.3_292\workspace\Lib_EaBaseBoard\Release\libLib_EaBaseBoard.a(oled.o)
 .text          0x00000000        0x0 C:\Users\Danijel\Documents\LPCXpresso_4.2.3_292\workspace\Lib_EaBaseBoard\Release\libLib_EaBaseBoard.a(pca9532.o)
 .data          0x00000000        0x0 C:\Users\Danijel\Documents\LPCXpresso_4.2.3_292\workspace\Lib_EaBaseBoard\Release\libLib_EaBaseBoard.a(pca9532.o)
 .text.pca9532_getLedState
                0x00000000       0x6c C:\Users\Danijel\Documents\LPCXpresso_4.2.3_292\workspace\Lib_EaBaseBoard\Release\libLib_EaBaseBoard.a(pca9532.o)
 .text.pca9532_setBlink1Period
                0x00000000       0x1c C:\Users\Danijel\Documents\LPCXpresso_4.2.3_292\workspace\Lib_EaBaseBoard\Release\libLib_EaBaseBoard.a(pca9532.o)
 .text.pca9532_setBlink1Duty
                0x00000000       0x34 C:\Users\Danijel\Documents\LPCXpresso_4.2.3_292\workspace\Lib_EaBaseBoard\Release\libLib_EaBaseBoard.a(pca9532.o)
 .text.pca9532_setBlink1Leds
                0x00000000       0x14 C:\Users\Danijel\Documents\LPCXpresso_4.2.3_292\workspace\Lib_EaBaseBoard\Release\libLib_EaBaseBoard.a(pca9532.o)
 .text          0x00000000        0x0 C:\Users\Danijel\Documents\LPCXpresso_4.2.3_292\workspace\Lib_EaBaseBoard\Release\libLib_EaBaseBoard.a(rgb.o)
 .data          0x00000000        0x0 C:\Users\Danijel\Documents\LPCXpresso_4.2.3_292\workspace\Lib_EaBaseBoard\Release\libLib_EaBaseBoard.a(rgb.o)
 .bss           0x00000000        0x0 C:\Users\Danijel\Documents\LPCXpresso_4.2.3_292\workspace\Lib_EaBaseBoard\Release\libLib_EaBaseBoard.a(rgb.o)
 .text          0x00000000        0x0 C:\Users\Danijel\Documents\LPCXpresso_4.2.3_292\workspace\Lib_EaBaseBoard\Release\libLib_EaBaseBoard.a(rotary.o)
 .data          0x00000000        0x0 C:\Users\Danijel\Documents\LPCXpresso_4.2.3_292\workspace\Lib_EaBaseBoard\Release\libLib_EaBaseBoard.a(rotary.o)
 .bss           0x00000000        0x0 C:\Users\Danijel\Documents\LPCXpresso_4.2.3_292\workspace\Lib_EaBaseBoard\Release\libLib_EaBaseBoard.a(rotary.o)
 .text          0x00000000        0x0 C:\Users\Danijel\Documents\LPCXpresso_4.2.3_292\workspace\Lib_EaBaseBoard\Release\libLib_EaBaseBoard.a(temp.o)
 .data          0x00000000        0x0 C:\Users\Danijel\Documents\LPCXpresso_4.2.3_292\workspace\Lib_EaBaseBoard\Release\libLib_EaBaseBoard.a(temp.o)
 .text          0x00000000        0x0 C:\Users\Danijel\Documents\LPCXpresso_4.2.3_292\workspace\Lib_EaBaseBoard\Release\libLib_EaBaseBoard.a(font5x7.o)
 .data          0x00000000        0x0 C:\Users\Danijel\Documents\LPCXpresso_4.2.3_292\workspace\Lib_EaBaseBoard\Release\libLib_EaBaseBoard.a(font5x7.o)
 .bss           0x00000000        0x0 C:\Users\Danijel\Documents\LPCXpresso_4.2.3_292\workspace\Lib_EaBaseBoard\Release\libLib_EaBaseBoard.a(font5x7.o)
 .text          0x00000000        0x0 C:\Users\Danijel\Documents\LPCXpresso_4.2.3_292\workspace\Lib_MCU\Release\libLib_MCU.a(adc.o)
 .data          0x00000000        0x0 C:\Users\Danijel\Documents\LPCXpresso_4.2.3_292\workspace\Lib_MCU\Release\libLib_MCU.a(adc.o)
 .bss           0x00000000        0x4 C:\Users\Danijel\Documents\LPCXpresso_4.2.3_292\workspace\Lib_MCU\Release\libLib_MCU.a(adc.o)
 .text.ADCBurstRead
                0x00000000       0x44 C:\Users\Danijel\Documents\LPCXpresso_4.2.3_292\workspace\Lib_MCU\Release\libLib_MCU.a(adc.o)
 COMMON         0x00000000       0x20 C:\Users\Danijel\Documents\LPCXpresso_4.2.3_292\workspace\Lib_MCU\Release\libLib_MCU.a(adc.o)
 .text          0x00000000        0x0 C:\Users\Danijel\Documents\LPCXpresso_4.2.3_292\workspace\Lib_MCU\Release\libLib_MCU.a(gpio.o)
 .data          0x00000000        0x0 C:\Users\Danijel\Documents\LPCXpresso_4.2.3_292\workspace\Lib_MCU\Release\libLib_MCU.a(gpio.o)
 .text.GPIOIntDisable
                0x00000000       0x78 C:\Users\Danijel\Documents\LPCXpresso_4.2.3_292\workspace\Lib_MCU\Release\libLib_MCU.a(gpio.o)
 .text          0x00000000        0x0 C:\Users\Danijel\Documents\LPCXpresso_4.2.3_292\workspace\Lib_MCU\Release\libLib_MCU.a(i2c.o)
 .data          0x00000000        0x0 C:\Users\Danijel\Documents\LPCXpresso_4.2.3_292\workspace\Lib_MCU\Release\libLib_MCU.a(i2c.o)
 .text.I2CStart
                0x00000000       0x3c C:\Users\Danijel\Documents\LPCXpresso_4.2.3_292\workspace\Lib_MCU\Release\libLib_MCU.a(i2c.o)
 .text.I2CStop  0x00000000       0x1c C:\Users\Danijel\Documents\LPCXpresso_4.2.3_292\workspace\Lib_MCU\Release\libLib_MCU.a(i2c.o)
 .text          0x00000000        0x0 C:\Users\Danijel\Documents\LPCXpresso_4.2.3_292\workspace\Lib_MCU\Release\libLib_MCU.a(ssp.o)
 .data          0x00000000        0x0 C:\Users\Danijel\Documents\LPCXpresso_4.2.3_292\workspace\Lib_MCU\Release\libLib_MCU.a(ssp.o)
 .text.SSPReceive
                0x00000000       0x2c C:\Users\Danijel\Documents\LPCXpresso_4.2.3_292\workspace\Lib_MCU\Release\libLib_MCU.a(ssp.o)
 .text          0x00000000        0x0 C:\Users\Danijel\Documents\LPCXpresso_4.2.3_292\workspace\Lib_MCU\Release\libLib_MCU.a(timer16.o)
 .data          0x00000000        0x0 C:\Users\Danijel\Documents\LPCXpresso_4.2.3_292\workspace\Lib_MCU\Release\libLib_MCU.a(timer16.o)
 .bss           0x00000000        0x0 C:\Users\Danijel\Documents\LPCXpresso_4.2.3_292\workspace\Lib_MCU\Release\libLib_MCU.a(timer16.o)
 .text.enable_timer16
                0x00000000       0x1c C:\Users\Danijel\Documents\LPCXpresso_4.2.3_292\workspace\Lib_MCU\Release\libLib_MCU.a(timer16.o)
 .text.disable_timer16
                0x00000000       0x1c C:\Users\Danijel\Documents\LPCXpresso_4.2.3_292\workspace\Lib_MCU\Release\libLib_MCU.a(timer16.o)
 .text.reset_timer16
                0x00000000       0x24 C:\Users\Danijel\Documents\LPCXpresso_4.2.3_292\workspace\Lib_MCU\Release\libLib_MCU.a(timer16.o)
 .text          0x00000000        0x0 C:\Users\Danijel\Documents\LPCXpresso_4.2.3_292\workspace\Lib_MCU\Release\libLib_MCU.a(timer32.o)
 .data          0x00000000        0x0 C:\Users\Danijel\Documents\LPCXpresso_4.2.3_292\workspace\Lib_MCU\Release\libLib_MCU.a(timer32.o)
 .bss           0x00000000        0x0 C:\Users\Danijel\Documents\LPCXpresso_4.2.3_292\workspace\Lib_MCU\Release\libLib_MCU.a(timer32.o)
 .text.delay32Ms
                0x00000000       0xc0 C:\Users\Danijel\Documents\LPCXpresso_4.2.3_292\workspace\Lib_MCU\Release\libLib_MCU.a(timer32.o)
 .text.delay32Us
                0x00000000       0xc0 C:\Users\Danijel\Documents\LPCXpresso_4.2.3_292\workspace\Lib_MCU\Release\libLib_MCU.a(timer32.o)
 .text          0x00000000        0x0 c:/nxp/lpcxpresso_4.2.3_292/lpcxpresso/tools/bin/../lib/gcc/arm-none-eabi/4.5.1/../../../../arm-none-eabi/lib/thumb2\libcr_c.a(__weak__main.o)
 .data          0x00000000        0x0 c:/nxp/lpcxpresso_4.2.3_292/lpcxpresso/tools/bin/../lib/gcc/arm-none-eabi/4.5.1/../../../../arm-none-eabi/lib/thumb2\libcr_c.a(__weak__main.o)
 .bss           0x00000000        0x0 c:/nxp/lpcxpresso_4.2.3_292/lpcxpresso/tools/bin/../lib/gcc/arm-none-eabi/4.5.1/../../../../arm-none-eabi/lib/thumb2\libcr_c.a(__weak__main.o)
 .text          0x00000000        0x0 c:/nxp/lpcxpresso_4.2.3_292/lpcxpresso/tools/bin/../lib/gcc/arm-none-eabi/4.5.1/../../../../arm-none-eabi/lib/thumb2\libcr_c.a(memset.o)
 .data          0x00000000        0x0 c:/nxp/lpcxpresso_4.2.3_292/lpcxpresso/tools/bin/../lib/gcc/arm-none-eabi/4.5.1/../../../../arm-none-eabi/lib/thumb2\libcr_c.a(memset.o)
 .bss           0x00000000        0x0 c:/nxp/lpcxpresso_4.2.3_292/lpcxpresso/tools/bin/../lib/gcc/arm-none-eabi/4.5.1/../../../../arm-none-eabi/lib/thumb2\libcr_c.a(memset.o)
 .text          0x00000000        0x0 c:/nxp/lpcxpresso_4.2.3_292/lpcxpresso/tools/bin/../lib/gcc/arm-none-eabi/4.5.1/thumb2\libcr_eabihelpers.a(double.o)
 .data          0x00000000        0x0 c:/nxp/lpcxpresso_4.2.3_292/lpcxpresso/tools/bin/../lib/gcc/arm-none-eabi/4.5.1/thumb2\libcr_eabihelpers.a(double.o)
 .bss           0x00000000        0x0 c:/nxp/lpcxpresso_4.2.3_292/lpcxpresso/tools/bin/../lib/gcc/arm-none-eabi/4.5.1/thumb2\libcr_eabihelpers.a(double.o)
 .text.__aeabi_dmul
                0x00000000      0x128 c:/nxp/lpcxpresso_4.2.3_292/lpcxpresso/tools/bin/../lib/gcc/arm-none-eabi/4.5.1/thumb2\libcr_eabihelpers.a(double.o)
 .text.__aeabi_ddiv
                0x00000000      0x144 c:/nxp/lpcxpresso_4.2.3_292/lpcxpresso/tools/bin/../lib/gcc/arm-none-eabi/4.5.1/thumb2\libcr_eabihelpers.a(double.o)
 .text.__aeabi_drsub
                0x00000000       0x1c c:/nxp/lpcxpresso_4.2.3_292/lpcxpresso/tools/bin/../lib/gcc/arm-none-eabi/4.5.1/thumb2\libcr_eabihelpers.a(double.o)
 .text.__aeabi_dneg
                0x00000000        0xc c:/nxp/lpcxpresso_4.2.3_292/lpcxpresso/tools/bin/../lib/gcc/arm-none-eabi/4.5.1/thumb2\libcr_eabihelpers.a(double.o)
 .text.__aeabi_d2iz
                0x00000000       0x3e c:/nxp/lpcxpresso_4.2.3_292/lpcxpresso/tools/bin/../lib/gcc/arm-none-eabi/4.5.1/thumb2\libcr_eabihelpers.a(double.o)
 .text.__aeabi_d2uiz
                0x00000000       0x30 c:/nxp/lpcxpresso_4.2.3_292/lpcxpresso/tools/bin/../lib/gcc/arm-none-eabi/4.5.1/thumb2\libcr_eabihelpers.a(double.o)
 .text.__aeabi_d2lz
                0x00000000       0x64 c:/nxp/lpcxpresso_4.2.3_292/lpcxpresso/tools/bin/../lib/gcc/arm-none-eabi/4.5.1/thumb2\libcr_eabihelpers.a(double.o)
 .text.__aeabi_d2ulz
                0x00000000       0x50 c:/nxp/lpcxpresso_4.2.3_292/lpcxpresso/tools/bin/../lib/gcc/arm-none-eabi/4.5.1/thumb2\libcr_eabihelpers.a(double.o)
 .text.__bhs_ui2d
                0x00000000       0x50 c:/nxp/lpcxpresso_4.2.3_292/lpcxpresso/tools/bin/../lib/gcc/arm-none-eabi/4.5.1/thumb2\libcr_eabihelpers.a(double.o)
 .text.__bhs_ul2d
                0x00000000       0x92 c:/nxp/lpcxpresso_4.2.3_292/lpcxpresso/tools/bin/../lib/gcc/arm-none-eabi/4.5.1/thumb2\libcr_eabihelpers.a(double.o)
 .text.__aeabi_i2d
                0x00000000       0x10 c:/nxp/lpcxpresso_4.2.3_292/lpcxpresso/tools/bin/../lib/gcc/arm-none-eabi/4.5.1/thumb2\libcr_eabihelpers.a(double.o)
 .text.__aeabi_ui2d
                0x00000000        0x8 c:/nxp/lpcxpresso_4.2.3_292/lpcxpresso/tools/bin/../lib/gcc/arm-none-eabi/4.5.1/thumb2\libcr_eabihelpers.a(double.o)
 .text.__aeabi_l2d
                0x00000000       0x16 c:/nxp/lpcxpresso_4.2.3_292/lpcxpresso/tools/bin/../lib/gcc/arm-none-eabi/4.5.1/thumb2\libcr_eabihelpers.a(double.o)
 .text.__aeabi_ul2d
                0x00000000        0x8 c:/nxp/lpcxpresso_4.2.3_292/lpcxpresso/tools/bin/../lib/gcc/arm-none-eabi/4.5.1/thumb2\libcr_eabihelpers.a(double.o)
 .text.__aeabi_dcmpeq
                0x00000000       0x36 c:/nxp/lpcxpresso_4.2.3_292/lpcxpresso/tools/bin/../lib/gcc/arm-none-eabi/4.5.1/thumb2\libcr_eabihelpers.a(double.o)
 .text.__aeabi_dcmplt
                0x00000000       0x5a c:/nxp/lpcxpresso_4.2.3_292/lpcxpresso/tools/bin/../lib/gcc/arm-none-eabi/4.5.1/thumb2\libcr_eabihelpers.a(double.o)
 .text.__aeabi_dcmpgt
                0x00000000       0x58 c:/nxp/lpcxpresso_4.2.3_292/lpcxpresso/tools/bin/../lib/gcc/arm-none-eabi/4.5.1/thumb2\libcr_eabihelpers.a(double.o)
 .text.__aeabi_dcmple
                0x00000000       0x5a c:/nxp/lpcxpresso_4.2.3_292/lpcxpresso/tools/bin/../lib/gcc/arm-none-eabi/4.5.1/thumb2\libcr_eabihelpers.a(double.o)
 .text.__aeabi_dcmpge
                0x00000000       0x5a c:/nxp/lpcxpresso_4.2.3_292/lpcxpresso/tools/bin/../lib/gcc/arm-none-eabi/4.5.1/thumb2\libcr_eabihelpers.a(double.o)
 .text.__aeabi_dcmpun
                0x00000000       0x1a c:/nxp/lpcxpresso_4.2.3_292/lpcxpresso/tools/bin/../lib/gcc/arm-none-eabi/4.5.1/thumb2\libcr_eabihelpers.a(double.o)
 .text.__aeabi_cdcmple
                0x00000000       0x30 c:/nxp/lpcxpresso_4.2.3_292/lpcxpresso/tools/bin/../lib/gcc/arm-none-eabi/4.5.1/thumb2\libcr_eabihelpers.a(double.o)
 .text.__aeabi_cdrcmple
                0x00000000       0x16 c:/nxp/lpcxpresso_4.2.3_292/lpcxpresso/tools/bin/../lib/gcc/arm-none-eabi/4.5.1/thumb2\libcr_eabihelpers.a(double.o)
 .text          0x00000000        0x0 c:/nxp/lpcxpresso_4.2.3_292/lpcxpresso/tools/bin/../lib/gcc/arm-none-eabi/4.5.1/thumb2\libcr_eabihelpers.a(float.o)
 .data          0x00000000        0x0 c:/nxp/lpcxpresso_4.2.3_292/lpcxpresso/tools/bin/../lib/gcc/arm-none-eabi/4.5.1/thumb2\libcr_eabihelpers.a(float.o)
 .bss           0x00000000        0x0 c:/nxp/lpcxpresso_4.2.3_292/lpcxpresso/tools/bin/../lib/gcc/arm-none-eabi/4.5.1/thumb2\libcr_eabihelpers.a(float.o)
 .text.__aeabi_frsub
                0x00000000        0xc c:/nxp/lpcxpresso_4.2.3_292/lpcxpresso/tools/bin/../lib/gcc/arm-none-eabi/4.5.1/thumb2\libcr_eabihelpers.a(float.o)
 .text.__aeabi_fneg
                0x00000000        0x6 c:/nxp/lpcxpresso_4.2.3_292/lpcxpresso/tools/bin/../lib/gcc/arm-none-eabi/4.5.1/thumb2\libcr_eabihelpers.a(float.o)
 .text.__aeabi_f2uiz
                0x00000000       0x26 c:/nxp/lpcxpresso_4.2.3_292/lpcxpresso/tools/bin/../lib/gcc/arm-none-eabi/4.5.1/thumb2\libcr_eabihelpers.a(float.o)
 .text.__aeabi_f2lz
                0x00000000       0x5a c:/nxp/lpcxpresso_4.2.3_292/lpcxpresso/tools/bin/../lib/gcc/arm-none-eabi/4.5.1/thumb2\libcr_eabihelpers.a(float.o)
 .text.__aeabi_f2ulz
                0x00000000       0x3c c:/nxp/lpcxpresso_4.2.3_292/lpcxpresso/tools/bin/../lib/gcc/arm-none-eabi/4.5.1/thumb2\libcr_eabihelpers.a(float.o)
 .text.__bhs_ul2f
                0x00000000       0x4a c:/nxp/lpcxpresso_4.2.3_292/lpcxpresso/tools/bin/../lib/gcc/arm-none-eabi/4.5.1/thumb2\libcr_eabihelpers.a(float.o)
 .text.__aeabi_l2f
                0x00000000       0x16 c:/nxp/lpcxpresso_4.2.3_292/lpcxpresso/tools/bin/../lib/gcc/arm-none-eabi/4.5.1/thumb2\libcr_eabihelpers.a(float.o)
 .text.__aeabi_ul2f
                0x00000000        0x8 c:/nxp/lpcxpresso_4.2.3_292/lpcxpresso/tools/bin/../lib/gcc/arm-none-eabi/4.5.1/thumb2\libcr_eabihelpers.a(float.o)
 .text.__aeabi_fcmpun
                0x00000000       0x1a c:/nxp/lpcxpresso_4.2.3_292/lpcxpresso/tools/bin/../lib/gcc/arm-none-eabi/4.5.1/thumb2\libcr_eabihelpers.a(float.o)
 .text.__aeabi_cfcmple
                0x00000000       0x24 c:/nxp/lpcxpresso_4.2.3_292/lpcxpresso/tools/bin/../lib/gcc/arm-none-eabi/4.5.1/thumb2\libcr_eabihelpers.a(float.o)
 .text.__aeabi_cfrcmple
                0x00000000        0xa c:/nxp/lpcxpresso_4.2.3_292/lpcxpresso/tools/bin/../lib/gcc/arm-none-eabi/4.5.1/thumb2\libcr_eabihelpers.a(float.o)
 .text          0x00000000        0x0 c:/nxp/lpcxpresso_4.2.3_292/lpcxpresso/tools/bin/../lib/gcc/arm-none-eabi/4.5.1/thumb2\libcr_eabihelpers.a(memcpy.o)
 .data          0x00000000        0x0 c:/nxp/lpcxpresso_4.2.3_292/lpcxpresso/tools/bin/../lib/gcc/arm-none-eabi/4.5.1/thumb2\libcr_eabihelpers.a(memcpy.o)
 .bss           0x00000000        0x0 c:/nxp/lpcxpresso_4.2.3_292/lpcxpresso/tools/bin/../lib/gcc/arm-none-eabi/4.5.1/thumb2\libcr_eabihelpers.a(memcpy.o)
 .text.__aeabi_memcpy
                0x00000000       0x26 c:/nxp/lpcxpresso_4.2.3_292/lpcxpresso/tools/bin/../lib/gcc/arm-none-eabi/4.5.1/thumb2\libcr_eabihelpers.a(memcpy.o)
 .text.__aeabi_memmove
                0x00000000       0x1c c:/nxp/lpcxpresso_4.2.3_292/lpcxpresso/tools/bin/../lib/gcc/arm-none-eabi/4.5.1/thumb2\libcr_eabihelpers.a(memcpy.o)
 .text.__aeabi_memclr
                0x00000000        0x8 c:/nxp/lpcxpresso_4.2.3_292/lpcxpresso/tools/bin/../lib/gcc/arm-none-eabi/4.5.1/thumb2\libcr_eabihelpers.a(memcpy.o)
 .text.__aeabi_memset
                0x00000000        0xa c:/nxp/lpcxpresso_4.2.3_292/lpcxpresso/tools/bin/../lib/gcc/arm-none-eabi/4.5.1/thumb2\libcr_eabihelpers.a(memcpy.o)

Memory Configuration

Name             Origin             Length             Attributes
MFlash32         0x00000000         0x00008000         xr
RamLoc8          0x10000000         0x00002000         xrw
*default*        0x00000000         0xffffffff

Linker script and memory map

LOAD ./src/cr_startup_lpc13.o
LOAD ./src/main.o
LOAD C:\Users\Danijel\Documents\LPCXpresso_4.2.3_292\workspace\CMSISv2p00_LPC13xx\Release\libCMSISv2p00_LPC13xx.a
LOAD C:\Users\Danijel\Documents\LPCXpresso_4.2.3_292\workspace\Lib_EaBaseBoard\Release\libLib_EaBaseBoard.a
LOAD C:\Users\Danijel\Documents\LPCXpresso_4.2.3_292\workspace\Lib_MCU\Release\libLib_MCU.a
START GROUP
LOAD c:/nxp/lpcxpresso_4.2.3_292/lpcxpresso/tools/bin/../lib/gcc/arm-none-eabi/4.5.1/../../../../arm-none-eabi/lib/thumb2\libcr_c.a
LOAD c:/nxp/lpcxpresso_4.2.3_292/lpcxpresso/tools/bin/../lib/gcc/arm-none-eabi/4.5.1/thumb2\libcr_eabihelpers.a
END GROUP
                0x00008000                __top_MFlash32 = 0x8000
                0x10002000                __top_RamLoc8 = 0x10002000

.text           0x00000000     0x5610
 FILL mask 0xff
 *(.isr_vector)
 .isr_vector    0x00000000      0x128 ./src/cr_startup_lpc13.o
                0x00000000                g_pfnVectors
                0x00000128                . = ALIGN (0x4)
                0x00000128                __section_table_start = .
                0x00000128                __data_section_table = .
                0x00000128        0x4 LONG 0x5610 LOADADDR (.data)
                0x0000012c        0x4 LONG 0x10000000 ADDR (.data)
                0x00000130        0x4 LONG 0x18 SIZEOF (.data)
                0x00000134                __data_section_table_end = .
                0x00000134                __bss_section_table = .
                0x00000134        0x4 LONG 0x10000018 ADDR (.bss)
                0x00000138        0x4 LONG 0x370 SIZEOF (.bss)
                0x0000013c                __bss_section_table_end = .
                0x0000013c                __section_table_end = .
 *(.after_vectors*)
 .after_vectors
                0x0000013c       0x78 ./src/cr_startup_lpc13.o
                0x0000013c                NMI_Handler
                0x0000013e                HardFault_Handler
                0x00000140                MemManage_Handler
                0x00000142                BusFault_Handler
                0x00000144                UsageFault_Handler
                0x00000146                SVC_Handler
                0x00000148                DebugMon_Handler
                0x0000014a                PendSV_Handler
                0x0000014e                data_init
                0x00000160                bss_init
                0x00000170                ResetISR
                0x000001b0                PIOINT1_IRQHandler
                0x000001b0                TIMER16_1_IRQHandler
                0x000001b0                USB_FIQHandler
                0x000001b0                ADC_IRQHandler
                0x000001b0                SSP1_IRQHandler
                0x000001b0                USB_IRQHandler
                0x000001b0                BOD_IRQHandler
                0x000001b0                WAKEUP_IRQHandler
                0x000001b0                TIMER32_0_IRQHandler
                0x000001b0                WDT_IRQHandler
                0x000001b0                UART_IRQHandler
                0x000001b0                IntDefaultHandler
                0x000001b0                PIOINT3_IRQHandler
                0x000001b0                TIMER16_0_IRQHandler
                0x000001b0                FMC_IRQHandler
                0x000002fc                . = 0x2fc
 *fill*         0x000001b4      0x148 ff
                0x000002fc                PROVIDE (__CRP_WORD_START__, .)
 *(.crp)
 .crp           0x000002fc        0x4 ./src/main.o
                0x000002fc                CRP_WORD
                0x00000300                PROVIDE (__CRP_WORD_END__, .)
                0x00000001                ASSERT (! ((__CRP_WORD_START__ == __CRP_WORD_END__)), Linker CRP Enabled, but no CRP_WORD provided within application)
 *(.text*)
 .text.NVIC_SetPriority
                0x00000300       0x2c ./src/main.o
 .text.getTicks
                0x0000032c        0xc ./src/main.o
 .text.playSong
                0x00000338       0xcc ./src/main.o
 .text.IntToString
                0x00000404       0x54 ./src/main.o
                0x00000404                IntToString
 .text.FloatToString
                0x00000458       0xbc ./src/main.o
                0x00000458                FloatToString
 .text.clockString
                0x00000514       0x70 ./src/main.o
                0x00000514                clockString
 .text.dateString
                0x00000584       0x74 ./src/main.o
                0x00000584                dateString
 .text.ledScale
                0x000005f8       0x7a ./src/main.o
                0x000005f8                ledScale
 *fill*         0x00000672        0x2 00
 .text.SysTick_Handler
                0x00000674       0x10 ./src/main.o
                0x00000674                SysTick_Handler
 .text.TIMER32_1_IRQHandler
                0x00000684      0x118 ./src/main.o
                0x00000684                TIMER32_1_IRQHandler
 .text.PIOINT2_IRQHandler
                0x0000079c      0x18c ./src/main.o
                0x0000079c                PIOINT2_IRQHandler
 .text.PIOINT0_IRQHandler
                0x00000928       0x2c ./src/main.o
                0x00000928                PIOINT0_IRQHandler
 *fill*         0x00000954        0x4 00
 .text.main     0x00000958     0x1b38 ./src/main.o
                0x00000958                main
 .text.SystemInit
                0x00002490       0xbc C:\Users\Danijel\Documents\LPCXpresso_4.2.3_292\workspace\CMSISv2p00_LPC13xx\Release\libCMSISv2p00_LPC13xx.a(system_LPC13xx.o)
                0x00002490                SystemInit
 .text.setModeControl
                0x0000254c       0x1c C:\Users\Danijel\Documents\LPCXpresso_4.2.3_292\workspace\Lib_EaBaseBoard\Release\libLib_EaBaseBoard.a(acc.o)
 .text.acc_init
                0x00002568        0x8 C:\Users\Danijel\Documents\LPCXpresso_4.2.3_292\workspace\Lib_EaBaseBoard\Release\libLib_EaBaseBoard.a(acc.o)
                0x00002568                acc_init
 .text.acc_read
                0x00002570       0x98 C:\Users\Danijel\Documents\LPCXpresso_4.2.3_292\workspace\Lib_EaBaseBoard\Release\libLib_EaBaseBoard.a(acc.o)
                0x00002570                acc_read
 .text.led7seg_init
                0x00002608       0x1c C:\Users\Danijel\Documents\LPCXpresso_4.2.3_292\workspace\Lib_EaBaseBoard\Release\libLib_EaBaseBoard.a(led7seg.o)
                0x00002608                led7seg_init
 .text.led7seg_setChar
                0x00002624       0x54 C:\Users\Danijel\Documents\LPCXpresso_4.2.3_292\workspace\Lib_EaBaseBoard\Release\libLib_EaBaseBoard.a(led7seg.o)
                0x00002624                led7seg_setChar
 .text.readCommandReg
                0x00002678       0x28 C:\Users\Danijel\Documents\LPCXpresso_4.2.3_292\workspace\Lib_EaBaseBoard\Release\libLib_EaBaseBoard.a(light.o)
 .text.readControlReg
                0x000026a0       0x28 C:\Users\Danijel\Documents\LPCXpresso_4.2.3_292\workspace\Lib_EaBaseBoard\Release\libLib_EaBaseBoard.a(light.o)
 .text.light_enable
                0x000026c8       0x34 C:\Users\Danijel\Documents\LPCXpresso_4.2.3_292\workspace\Lib_EaBaseBoard\Release\libLib_EaBaseBoard.a(light.o)
                0x000026c8                light_enable
 .text.light_read
                0x000026fc       0x60 C:\Users\Danijel\Documents\LPCXpresso_4.2.3_292\workspace\Lib_EaBaseBoard\Release\libLib_EaBaseBoard.a(light.o)
                0x000026fc                light_read
 .text.light_setWidth
                0x0000275c       0x78 C:\Users\Danijel\Documents\LPCXpresso_4.2.3_292\workspace\Lib_EaBaseBoard\Release\libLib_EaBaseBoard.a(light.o)
                0x0000275c                light_setWidth
 .text.light_setRange
                0x000027d4       0x78 C:\Users\Danijel\Documents\LPCXpresso_4.2.3_292\workspace\Lib_EaBaseBoard\Release\libLib_EaBaseBoard.a(light.o)
                0x000027d4                light_setRange
 .text.writeCommand
                0x0000284c       0x34 C:\Users\Danijel\Documents\LPCXpresso_4.2.3_292\workspace\Lib_EaBaseBoard\Release\libLib_EaBaseBoard.a(oled.o)
 .text.oled_init
                0x00002880      0x12c C:\Users\Danijel\Documents\LPCXpresso_4.2.3_292\workspace\Lib_EaBaseBoard\Release\libLib_EaBaseBoard.a(oled.o)
                0x00002880                oled_init
 .text.oled_putPixel
                0x000029ac       0xfc C:\Users\Danijel\Documents\LPCXpresso_4.2.3_292\workspace\Lib_EaBaseBoard\Release\libLib_EaBaseBoard.a(oled.o)
                0x000029ac                oled_putPixel
 .text.vLine    0x00002aa8       0x74 C:\Users\Danijel\Documents\LPCXpresso_4.2.3_292\workspace\Lib_EaBaseBoard\Release\libLib_EaBaseBoard.a(oled.o)
 .text.hLine    0x00002b1c       0x74 C:\Users\Danijel\Documents\LPCXpresso_4.2.3_292\workspace\Lib_EaBaseBoard\Release\libLib_EaBaseBoard.a(oled.o)
 .text.oled_circle
                0x00002b90      0x358 C:\Users\Danijel\Documents\LPCXpresso_4.2.3_292\workspace\Lib_EaBaseBoard\Release\libLib_EaBaseBoard.a(oled.o)
                0x00002b90                oled_circle
 .text.oled_rect
                0x00002ee8       0x40 C:\Users\Danijel\Documents\LPCXpresso_4.2.3_292\workspace\Lib_EaBaseBoard\Release\libLib_EaBaseBoard.a(oled.o)
                0x00002ee8                oled_rect
 .text.oled_fillRect
                0x00002f28       0xc0 C:\Users\Danijel\Documents\LPCXpresso_4.2.3_292\workspace\Lib_EaBaseBoard\Release\libLib_EaBaseBoard.a(oled.o)
                0x00002f28                oled_fillRect
 .text.oled_clearScreen
                0x00002fe8       0x8c C:\Users\Danijel\Documents\LPCXpresso_4.2.3_292\workspace\Lib_EaBaseBoard\Release\libLib_EaBaseBoard.a(oled.o)
                0x00002fe8                oled_clearScreen
 .text.oled_putChar
                0x00003074      0x538 C:\Users\Danijel\Documents\LPCXpresso_4.2.3_292\workspace\Lib_EaBaseBoard\Release\libLib_EaBaseBoard.a(oled.o)
                0x00003074                oled_putChar
 .text.oled_putString
                0x000035ac       0x38 C:\Users\Danijel\Documents\LPCXpresso_4.2.3_292\workspace\Lib_EaBaseBoard\Release\libLib_EaBaseBoard.a(oled.o)
                0x000035ac                oled_putString
 .text.setLsStates
                0x000035e4      0x138 C:\Users\Danijel\Documents\LPCXpresso_4.2.3_292\workspace\Lib_EaBaseBoard\Release\libLib_EaBaseBoard.a(pca9532.o)
 .text.setLeds  0x0000371c       0x70 C:\Users\Danijel\Documents\LPCXpresso_4.2.3_292\workspace\Lib_EaBaseBoard\Release\libLib_EaBaseBoard.a(pca9532.o)
 .text.pca9532_init
                0x0000378c        0x4 C:\Users\Danijel\Documents\LPCXpresso_4.2.3_292\workspace\Lib_EaBaseBoard\Release\libLib_EaBaseBoard.a(pca9532.o)
                0x0000378c                pca9532_init
 .text.pca9532_setLeds
                0x00003790       0x34 C:\Users\Danijel\Documents\LPCXpresso_4.2.3_292\workspace\Lib_EaBaseBoard\Release\libLib_EaBaseBoard.a(pca9532.o)
                0x00003790                pca9532_setLeds
 .text.pca9532_setBlink0Period
                0x000037c4       0x1c C:\Users\Danijel\Documents\LPCXpresso_4.2.3_292\workspace\Lib_EaBaseBoard\Release\libLib_EaBaseBoard.a(pca9532.o)
                0x000037c4                pca9532_setBlink0Period
 .text.pca9532_setBlink0Duty
                0x000037e0       0x34 C:\Users\Danijel\Documents\LPCXpresso_4.2.3_292\workspace\Lib_EaBaseBoard\Release\libLib_EaBaseBoard.a(pca9532.o)
                0x000037e0                pca9532_setBlink0Duty
 .text.pca9532_setBlink0Leds
                0x00003814       0x14 C:\Users\Danijel\Documents\LPCXpresso_4.2.3_292\workspace\Lib_EaBaseBoard\Release\libLib_EaBaseBoard.a(pca9532.o)
                0x00003814                pca9532_setBlink0Leds
 .text.rgb_init
                0x00003828       0x4c C:\Users\Danijel\Documents\LPCXpresso_4.2.3_292\workspace\Lib_EaBaseBoard\Release\libLib_EaBaseBoard.a(rgb.o)
                0x00003828                rgb_init
 .text.rgb_setLeds
                0x00003874       0x60 C:\Users\Danijel\Documents\LPCXpresso_4.2.3_292\workspace\Lib_EaBaseBoard\Release\libLib_EaBaseBoard.a(rgb.o)
                0x00003874                rgb_setLeds
 .text.rotary_init
                0x000038d4       0x1c C:\Users\Danijel\Documents\LPCXpresso_4.2.3_292\workspace\Lib_EaBaseBoard\Release\libLib_EaBaseBoard.a(rotary.o)
                0x000038d4                rotary_init
 .text.rotary_read
                0x000038f0       0xa8 C:\Users\Danijel\Documents\LPCXpresso_4.2.3_292\workspace\Lib_EaBaseBoard\Release\libLib_EaBaseBoard.a(rotary.o)
                0x000038f0                rotary_read
 .text.temp_init
                0x00003998       0x1c C:\Users\Danijel\Documents\LPCXpresso_4.2.3_292\workspace\Lib_EaBaseBoard\Release\libLib_EaBaseBoard.a(temp.o)
                0x00003998                temp_init
 .text.temp_read
                0x000039b4       0x6c C:\Users\Danijel\Documents\LPCXpresso_4.2.3_292\workspace\Lib_EaBaseBoard\Release\libLib_EaBaseBoard.a(temp.o)
                0x000039b4                temp_read
 .text.ADCInit  0x00003a20       0x84 C:\Users\Danijel\Documents\LPCXpresso_4.2.3_292\workspace\Lib_MCU\Release\libLib_MCU.a(adc.o)
                0x00003a20                ADCInit
 .text.ADCRead  0x00003aa4       0x6c C:\Users\Danijel\Documents\LPCXpresso_4.2.3_292\workspace\Lib_MCU\Release\libLib_MCU.a(adc.o)
                0x00003aa4                ADCRead
 .text.GPIOInit
                0x00003b10       0x74 C:\Users\Danijel\Documents\LPCXpresso_4.2.3_292\workspace\Lib_MCU\Release\libLib_MCU.a(gpio.o)
                0x00003b10                GPIOInit
 .text.GPIOSetDir
                0x00003b84       0xcc C:\Users\Danijel\Documents\LPCXpresso_4.2.3_292\workspace\Lib_MCU\Release\libLib_MCU.a(gpio.o)
                0x00003b84                GPIOSetDir
 .text.GPIOSetValue
                0x00003c50      0x138 C:\Users\Danijel\Documents\LPCXpresso_4.2.3_292\workspace\Lib_MCU\Release\libLib_MCU.a(gpio.o)
                0x00003c50                GPIOSetValue
 .text.GPIOGetValue
                0x00003d88       0x7c C:\Users\Danijel\Documents\LPCXpresso_4.2.3_292\workspace\Lib_MCU\Release\libLib_MCU.a(gpio.o)
                0x00003d88                GPIOGetValue
 .text.GPIOSetInterrupt
                0x00003e04      0x208 C:\Users\Danijel\Documents\LPCXpresso_4.2.3_292\workspace\Lib_MCU\Release\libLib_MCU.a(gpio.o)
                0x00003e04                GPIOSetInterrupt
 .text.GPIOIntEnable
                0x0000400c       0x78 C:\Users\Danijel\Documents\LPCXpresso_4.2.3_292\workspace\Lib_MCU\Release\libLib_MCU.a(gpio.o)
                0x0000400c                GPIOIntEnable
 .text.GPIOIntStatus
                0x00004084       0x7c C:\Users\Danijel\Documents\LPCXpresso_4.2.3_292\workspace\Lib_MCU\Release\libLib_MCU.a(gpio.o)
                0x00004084                GPIOIntStatus
 .text.GPIOIntClear
                0x00004100       0x78 C:\Users\Danijel\Documents\LPCXpresso_4.2.3_292\workspace\Lib_MCU\Release\libLib_MCU.a(gpio.o)
                0x00004100                GPIOIntClear
 .text.I2C_IRQHandler
                0x00004178      0x200 C:\Users\Danijel\Documents\LPCXpresso_4.2.3_292\workspace\Lib_MCU\Release\libLib_MCU.a(i2c.o)
                0x00004178                I2C_IRQHandler
 .text.I2CInit  0x00004378       0x84 C:\Users\Danijel\Documents\LPCXpresso_4.2.3_292\workspace\Lib_MCU\Release\libLib_MCU.a(i2c.o)
                0x00004378                I2CInit
 .text.I2CEngine
                0x000043fc       0x78 C:\Users\Danijel\Documents\LPCXpresso_4.2.3_292\workspace\Lib_MCU\Release\libLib_MCU.a(i2c.o)
                0x000043fc                I2CEngine
 .text.I2CRead  0x00004474       0x24 C:\Users\Danijel\Documents\LPCXpresso_4.2.3_292\workspace\Lib_MCU\Release\libLib_MCU.a(i2c.o)
                0x00004474                I2CRead
 .text.I2CWrite
                0x00004498       0x20 C:\Users\Danijel\Documents\LPCXpresso_4.2.3_292\workspace\Lib_MCU\Release\libLib_MCU.a(i2c.o)
                0x00004498                I2CWrite
 .text.SSP_IRQHandler
                0x000044b8       0x5c C:\Users\Danijel\Documents\LPCXpresso_4.2.3_292\workspace\Lib_MCU\Release\libLib_MCU.a(ssp.o)
                0x000044b8                SSP_IRQHandler
 .text.SSPInit  0x00004514       0xbc C:\Users\Danijel\Documents\LPCXpresso_4.2.3_292\workspace\Lib_MCU\Release\libLib_MCU.a(ssp.o)
                0x00004514                SSPInit
 .text.SSPSend  0x000045d0       0x34 C:\Users\Danijel\Documents\LPCXpresso_4.2.3_292\workspace\Lib_MCU\Release\libLib_MCU.a(ssp.o)
                0x000045d0                SSPSend
 .text.delayMs  0x00004604       0xb4 C:\Users\Danijel\Documents\LPCXpresso_4.2.3_292\workspace\Lib_MCU\Release\libLib_MCU.a(timer16.o)
                0x00004604                delayMs
 .text.init_timer16
                0x000046b8       0xfc C:\Users\Danijel\Documents\LPCXpresso_4.2.3_292\workspace\Lib_MCU\Release\libLib_MCU.a(timer16.o)
                0x000046b8                init_timer16
 .text.enable_timer32
                0x000047b4       0x20 C:\Users\Danijel\Documents\LPCXpresso_4.2.3_292\workspace\Lib_MCU\Release\libLib_MCU.a(timer32.o)
                0x000047b4                enable_timer32
 .text.disable_timer32
                0x000047d4       0x1c C:\Users\Danijel\Documents\LPCXpresso_4.2.3_292\workspace\Lib_MCU\Release\libLib_MCU.a(timer32.o)
                0x000047d4                disable_timer32
 .text.reset_timer32
                0x000047f0       0x2c C:\Users\Danijel\Documents\LPCXpresso_4.2.3_292\workspace\Lib_MCU\Release\libLib_MCU.a(timer32.o)
                0x000047f0                reset_timer32
 .text.init_timer32
                0x0000481c       0xfc C:\Users\Danijel\Documents\LPCXpresso_4.2.3_292\workspace\Lib_MCU\Release\libLib_MCU.a(timer32.o)
                0x0000481c                init_timer32
 .text.__weak_main
                0x00004918        0x4 c:/nxp/lpcxpresso_4.2.3_292/lpcxpresso/tools/bin/../lib/gcc/arm-none-eabi/4.5.1/../../../../arm-none-eabi/lib/thumb2\libcr_c.a(__weak__main.o)
                0x00004918                __weak_main
                0x00004918                __main
 .text.memset   0x0000491c        0x4 c:/nxp/lpcxpresso_4.2.3_292/lpcxpresso/tools/bin/../lib/gcc/arm-none-eabi/4.5.1/../../../../arm-none-eabi/lib/thumb2\libcr_c.a(memset.o)
                0x0000491c                memset
 .text.__aeabi_dsub
                0x00004920      0x1d8 c:/nxp/lpcxpresso_4.2.3_292/lpcxpresso/tools/bin/../lib/gcc/arm-none-eabi/4.5.1/thumb2\libcr_eabihelpers.a(double.o)
                0x00004920                __aeabi_dsub
 .text.__aeabi_dadd
                0x00004af8      0x13c c:/nxp/lpcxpresso_4.2.3_292/lpcxpresso/tools/bin/../lib/gcc/arm-none-eabi/4.5.1/thumb2\libcr_eabihelpers.a(double.o)
                0x00004af8                __aeabi_dadd
 .text.__aeabi_d2f
                0x00004c34       0x54 c:/nxp/lpcxpresso_4.2.3_292/lpcxpresso/tools/bin/../lib/gcc/arm-none-eabi/4.5.1/thumb2\libcr_eabihelpers.a(double.o)
                0x00004c34                __aeabi_d2f
 .text.__aeabi_fmul
                0x00004c88       0xbc c:/nxp/lpcxpresso_4.2.3_292/lpcxpresso/tools/bin/../lib/gcc/arm-none-eabi/4.5.1/thumb2\libcr_eabihelpers.a(float.o)
                0x00004c88                __aeabi_fmul
 .text.__aeabi_fdiv
                0x00004d44       0xe8 c:/nxp/lpcxpresso_4.2.3_292/lpcxpresso/tools/bin/../lib/gcc/arm-none-eabi/4.5.1/thumb2\libcr_eabihelpers.a(float.o)
                0x00004d44                __aeabi_fdiv
 .text.__aeabi_fsub
                0x00004e2c       0xe0 c:/nxp/lpcxpresso_4.2.3_292/lpcxpresso/tools/bin/../lib/gcc/arm-none-eabi/4.5.1/thumb2\libcr_eabihelpers.a(float.o)
                0x00004e2c                __aeabi_fsub
 .text.__aeabi_fadd
                0x00004f0c       0xa4 c:/nxp/lpcxpresso_4.2.3_292/lpcxpresso/tools/bin/../lib/gcc/arm-none-eabi/4.5.1/thumb2\libcr_eabihelpers.a(float.o)
                0x00004f0c                __aeabi_fadd
 .text.__aeabi_f2iz
                0x00004fb0       0x34 c:/nxp/lpcxpresso_4.2.3_292/lpcxpresso/tools/bin/../lib/gcc/arm-none-eabi/4.5.1/thumb2\libcr_eabihelpers.a(float.o)
                0x00004fb0                __aeabi_f2iz
 .text.__bhs_ui2f
                0x00004fe4       0x26 c:/nxp/lpcxpresso_4.2.3_292/lpcxpresso/tools/bin/../lib/gcc/arm-none-eabi/4.5.1/thumb2\libcr_eabihelpers.a(float.o)
                0x00004fe4                __bhs_ui2f
 .text.__aeabi_i2f
                0x0000500a       0x10 c:/nxp/lpcxpresso_4.2.3_292/lpcxpresso/tools/bin/../lib/gcc/arm-none-eabi/4.5.1/thumb2\libcr_eabihelpers.a(float.o)
                0x0000500a                __aeabi_i2f
 .text.__aeabi_ui2f
                0x0000501a        0x8 c:/nxp/lpcxpresso_4.2.3_292/lpcxpresso/tools/bin/../lib/gcc/arm-none-eabi/4.5.1/thumb2\libcr_eabihelpers.a(float.o)
                0x0000501a                __aeabi_ui2f
 *fill*         0x00005022        0x2 00
 .text.__aeabi_f2d
                0x00005024       0x38 c:/nxp/lpcxpresso_4.2.3_292/lpcxpresso/tools/bin/../lib/gcc/arm-none-eabi/4.5.1/thumb2\libcr_eabihelpers.a(float.o)
                0x00005024                __aeabi_f2d
 .text.__aeabi_fcmpeq
                0x0000505c       0x1e c:/nxp/lpcxpresso_4.2.3_292/lpcxpresso/tools/bin/../lib/gcc/arm-none-eabi/4.5.1/thumb2\libcr_eabihelpers.a(float.o)
                0x0000505c                __aeabi_fcmpeq
 .text.__aeabi_fcmplt
                0x0000507a       0x3a c:/nxp/lpcxpresso_4.2.3_292/lpcxpresso/tools/bin/../lib/gcc/arm-none-eabi/4.5.1/thumb2\libcr_eabihelpers.a(float.o)
                0x0000507a                __aeabi_fcmplt
 .text.__aeabi_fcmpgt
                0x000050b4       0x3a c:/nxp/lpcxpresso_4.2.3_292/lpcxpresso/tools/bin/../lib/gcc/arm-none-eabi/4.5.1/thumb2\libcr_eabihelpers.a(float.o)
                0x000050b4                __aeabi_fcmpgt
 .text.__aeabi_fcmple
                0x000050ee       0x40 c:/nxp/lpcxpresso_4.2.3_292/lpcxpresso/tools/bin/../lib/gcc/arm-none-eabi/4.5.1/thumb2\libcr_eabihelpers.a(float.o)
                0x000050ee                __aeabi_fcmple
 .text.__aeabi_fcmpge
                0x0000512e       0x40 c:/nxp/lpcxpresso_4.2.3_292/lpcxpresso/tools/bin/../lib/gcc/arm-none-eabi/4.5.1/thumb2\libcr_eabihelpers.a(float.o)
                0x0000512e                __aeabi_fcmpge
 .text.__aeabi_memset_lowlevel
                0x0000516e       0x24 c:/nxp/lpcxpresso_4.2.3_292/lpcxpresso/tools/bin/../lib/gcc/arm-none-eabi/4.5.1/thumb2\libcr_eabihelpers.a(memcpy.o)
                0x0000516e                __aeabi_lowlevel_memset
 *(.rodata .rodata.*)
 .rodata.str1.1
                0x00005192       0xf4 ./src/main.o
                                 0xfa (size before relaxing)
 *fill*         0x00005286        0x2 00
 .rodata.notes  0x00005288       0x38 ./src/main.o
 .rodata        0x000052c0       0x50 C:\Users\Danijel\Documents\LPCXpresso_4.2.3_292\workspace\Lib_EaBaseBoard\Release\libLib_EaBaseBoard.a(led7seg.o)
 .rodata        0x00005310      0x300 C:\Users\Danijel\Documents\LPCXpresso_4.2.3_292\workspace\Lib_EaBaseBoard\Release\libLib_EaBaseBoard.a(font5x7.o)
                0x00005310                font5x7
                0x00005610                . = ALIGN (0x4)

.glue_7         0x00005610        0x0
 .glue_7        0x00000000        0x0 linker stubs

.glue_7t        0x00005610        0x0
 .glue_7t       0x00000000        0x0 linker stubs

.vfp11_veneer   0x00005610        0x0
 .vfp11_veneer  0x00000000        0x0 linker stubs

.v4_bx          0x00005610        0x0
 .v4_bx         0x00000000        0x0 linker stubs

.ARM.extab
 *(.ARM.extab* .gnu.linkonce.armextab.*)
                0x00005610                __exidx_start = .

.ARM.exidx
 *(.ARM.exidx* .gnu.linkonce.armexidx.*)
                0x00005610                __exidx_end = .
                0x00005610                _etext = .

.uninit_RESERVED
 *(.bss.$RESERVED*)

.data           0x10000000       0x18 load address 0x00005610
 FILL mask 0xff
                0x10000000                _data = .
 *(vtable)
 *(.data*)
 .data.dan      0x10000000        0x1 ./src/main.o
                0x10000000                dan
 .data.clk_flag
                0x10000001        0x1 ./src/main.o
                0x10000001                clk_flag
 .data.mj       0x10000002        0x1 ./src/main.o
                0x10000002                mj
 .data.pgod     0x10000003        0x1 ./src/main.o
                0x10000003                pgod
 .data.screen   0x10000004        0x1 ./src/main.o
                0x10000004                screen
 .data.alarm_flag
                0x10000005        0x1 ./src/main.o
                0x10000005                alarm_flag
 .data.sw3      0x10000006        0x1 ./src/main.o
                0x10000006                sw3
 *fill*         0x10000007        0x1 00
 .data.god      0x10000008        0x2 ./src/main.o
                0x10000008                god
 *fill*         0x1000000a        0x2 00
 .data.SystemCoreClock
                0x1000000c        0x4 C:\Users\Danijel\Documents\LPCXpresso_4.2.3_292\workspace\CMSISv2p00_LPC13xx\Release\libCMSISv2p00_LPC13xx.a(system_LPC13xx.o)
                0x1000000c                SystemCoreClock
 .data          0x10000010        0x8 C:\Users\Danijel\Documents\LPCXpresso_4.2.3_292\workspace\Lib_EaBaseBoard\Release\libLib_EaBaseBoard.a(light.o)
                0x10000018                . = ALIGN (0x4)
                0x10000018                _edata = .

.bss            0x10000018      0x370 load address 0x00005628
                0x10000018                _bss = .
 *(.bss*)
 .bss.mm        0x10000018        0x1 ./src/main.o
                0x10000018                mm
 .bss.hh        0x10000019        0x1 ./src/main.o
                0x10000019                hh
 .bss.ss        0x1000001a        0x1 ./src/main.o
                0x1000001a                ss
 .bss.exscreen  0x1000001b        0x1 ./src/main.o
                0x1000001b                exscreen
 .bss.buf       0x1000001c        0xf ./src/main.o
 .bss.joy       0x1000002b        0x1 ./src/main.o
                0x1000002b                joy
 .bss.msTicks   0x1000002c        0x4 ./src/main.o
 .bss           0x10000030      0x300 C:\Users\Danijel\Documents\LPCXpresso_4.2.3_292\workspace\Lib_EaBaseBoard\Release\libLib_EaBaseBoard.a(oled.o)
 .bss           0x10000330        0x6 C:\Users\Danijel\Documents\LPCXpresso_4.2.3_292\workspace\Lib_EaBaseBoard\Release\libLib_EaBaseBoard.a(pca9532.o)
 *fill*         0x10000336        0x2 00
 .bss           0x10000338        0x4 C:\Users\Danijel\Documents\LPCXpresso_4.2.3_292\workspace\Lib_EaBaseBoard\Release\libLib_EaBaseBoard.a(temp.o)
 .bss           0x1000033c       0x10 C:\Users\Danijel\Documents\LPCXpresso_4.2.3_292\workspace\Lib_MCU\Release\libLib_MCU.a(gpio.o)
 .bss           0x1000034c       0x20 C:\Users\Danijel\Documents\LPCXpresso_4.2.3_292\workspace\Lib_MCU\Release\libLib_MCU.a(i2c.o)
 .bss           0x1000036c        0xc C:\Users\Danijel\Documents\LPCXpresso_4.2.3_292\workspace\Lib_MCU\Release\libLib_MCU.a(ssp.o)
                0x1000036c                interruptOverRunStat
                0x10000370                interruptRxTimeoutStat
                0x10000374                interruptRxStat
 *(COMMON)
 COMMON         0x10000378       0x10 ./src/main.o
                0x10000378                min_light_mjer
                0x1000037c                max_temp_mjer
                0x10000380                min_temp_mjer
                0x10000384                max_light_mjer
                0x10000388                . = ALIGN (0x4)
                0x10000388                _ebss = .
                0x10000388                PROVIDE (end, .)
                0x10000388                PROVIDE (_pvHeapStart, .)
                0x10002000                PROVIDE (_vStackTop, (__top_RamLoc8 - 0x0))
OUTPUT(My Project (3.3) PeriphMix.axf elf32-littlearm)

.debug_abbrev   0x00000000     0x1cab
 .debug_abbrev  0x00000000      0x121 ./src/cr_startup_lpc13.o
 .debug_abbrev  0x00000121      0x40b ./src/main.o
 .debug_abbrev  0x0000052c      0x11e C:\Users\Danijel\Documents\LPCXpresso_4.2.3_292\workspace\CMSISv2p00_LPC13xx\Release\libCMSISv2p00_LPC13xx.a(system_LPC13xx.o)
 .debug_abbrev  0x0000064a      0x159 C:\Users\Danijel\Documents\LPCXpresso_4.2.3_292\workspace\Lib_EaBaseBoard\Release\libLib_EaBaseBoard.a(acc.o)
 .debug_abbrev  0x000007a3       0xd4 C:\Users\Danijel\Documents\LPCXpresso_4.2.3_292\workspace\Lib_EaBaseBoard\Release\libLib_EaBaseBoard.a(led7seg.o)
 .debug_abbrev  0x00000877      0x18e C:\Users\Danijel\Documents\LPCXpresso_4.2.3_292\workspace\Lib_EaBaseBoard\Release\libLib_EaBaseBoard.a(light.o)
 .debug_abbrev  0x00000a05      0x24b C:\Users\Danijel\Documents\LPCXpresso_4.2.3_292\workspace\Lib_EaBaseBoard\Release\libLib_EaBaseBoard.a(oled.o)
 .debug_abbrev  0x00000c50      0x1bd C:\Users\Danijel\Documents\LPCXpresso_4.2.3_292\workspace\Lib_EaBaseBoard\Release\libLib_EaBaseBoard.a(pca9532.o)
 .debug_abbrev  0x00000e0d       0xd8 C:\Users\Danijel\Documents\LPCXpresso_4.2.3_292\workspace\Lib_EaBaseBoard\Release\libLib_EaBaseBoard.a(rgb.o)
 .debug_abbrev  0x00000ee5      0x113 C:\Users\Danijel\Documents\LPCXpresso_4.2.3_292\workspace\Lib_EaBaseBoard\Release\libLib_EaBaseBoard.a(rotary.o)
 .debug_abbrev  0x00000ff8      0x145 C:\Users\Danijel\Documents\LPCXpresso_4.2.3_292\workspace\Lib_EaBaseBoard\Release\libLib_EaBaseBoard.a(temp.o)
 .debug_abbrev  0x0000113d       0x4b C:\Users\Danijel\Documents\LPCXpresso_4.2.3_292\workspace\Lib_EaBaseBoard\Release\libLib_EaBaseBoard.a(font5x7.o)
 .debug_abbrev  0x00001188      0x152 C:\Users\Danijel\Documents\LPCXpresso_4.2.3_292\workspace\Lib_MCU\Release\libLib_MCU.a(adc.o)
 .debug_abbrev  0x000012da      0x228 C:\Users\Danijel\Documents\LPCXpresso_4.2.3_292\workspace\Lib_MCU\Release\libLib_MCU.a(gpio.o)
 .debug_abbrev  0x00001502      0x280 C:\Users\Danijel\Documents\LPCXpresso_4.2.3_292\workspace\Lib_MCU\Release\libLib_MCU.a(i2c.o)
 .debug_abbrev  0x00001782      0x1d5 C:\Users\Danijel\Documents\LPCXpresso_4.2.3_292\workspace\Lib_MCU\Release\libLib_MCU.a(ssp.o)
 .debug_abbrev  0x00001957      0x1aa C:\Users\Danijel\Documents\LPCXpresso_4.2.3_292\workspace\Lib_MCU\Release\libLib_MCU.a(timer16.o)
 .debug_abbrev  0x00001b01      0x1aa C:\Users\Danijel\Documents\LPCXpresso_4.2.3_292\workspace\Lib_MCU\Release\libLib_MCU.a(timer32.o)

.debug_info     0x00000000     0x8934
 .debug_info    0x00000000      0x311 ./src/cr_startup_lpc13.o
 .debug_info    0x00000311     0x19ac ./src/main.o
 .debug_info    0x00001cbd      0x5a5 C:\Users\Danijel\Documents\LPCXpresso_4.2.3_292\workspace\CMSISv2p00_LPC13xx\Release\libCMSISv2p00_LPC13xx.a(system_LPC13xx.o)
 .debug_info    0x00002262      0x296 C:\Users\Danijel\Documents\LPCXpresso_4.2.3_292\workspace\Lib_EaBaseBoard\Release\libLib_EaBaseBoard.a(acc.o)
 .debug_info    0x000024f8      0x12b C:\Users\Danijel\Documents\LPCXpresso_4.2.3_292\workspace\Lib_EaBaseBoard\Release\libLib_EaBaseBoard.a(led7seg.o)
 .debug_info    0x00002623      0x4b7 C:\Users\Danijel\Documents\LPCXpresso_4.2.3_292\workspace\Lib_EaBaseBoard\Release\libLib_EaBaseBoard.a(light.o)
 .debug_info    0x00002ada      0x864 C:\Users\Danijel\Documents\LPCXpresso_4.2.3_292\workspace\Lib_EaBaseBoard\Release\libLib_EaBaseBoard.a(oled.o)
 .debug_info    0x0000333e      0x38a C:\Users\Danijel\Documents\LPCXpresso_4.2.3_292\workspace\Lib_EaBaseBoard\Release\libLib_EaBaseBoard.a(pca9532.o)
 .debug_info    0x000036c8      0x39b C:\Users\Danijel\Documents\LPCXpresso_4.2.3_292\workspace\Lib_EaBaseBoard\Release\libLib_EaBaseBoard.a(rgb.o)
 .debug_info    0x00003a63      0x230 C:\Users\Danijel\Documents\LPCXpresso_4.2.3_292\workspace\Lib_EaBaseBoard\Release\libLib_EaBaseBoard.a(rotary.o)
 .debug_info    0x00003c93      0x279 C:\Users\Danijel\Documents\LPCXpresso_4.2.3_292\workspace\Lib_EaBaseBoard\Release\libLib_EaBaseBoard.a(temp.o)
 .debug_info    0x00003f0c       0x65 C:\Users\Danijel\Documents\LPCXpresso_4.2.3_292\workspace\Lib_EaBaseBoard\Release\libLib_EaBaseBoard.a(font5x7.o)
 .debug_info    0x00003f71      0x934 C:\Users\Danijel\Documents\LPCXpresso_4.2.3_292\workspace\Lib_MCU\Release\libLib_MCU.a(adc.o)
 .debug_info    0x000048a5      0xbff C:\Users\Danijel\Documents\LPCXpresso_4.2.3_292\workspace\Lib_MCU\Release\libLib_MCU.a(gpio.o)
 .debug_info    0x000054a4      0xe23 C:\Users\Danijel\Documents\LPCXpresso_4.2.3_292\workspace\Lib_MCU\Release\libLib_MCU.a(i2c.o)
 .debug_info    0x000062c7      0xc78 C:\Users\Danijel\Documents\LPCXpresso_4.2.3_292\workspace\Lib_MCU\Release\libLib_MCU.a(ssp.o)
 .debug_info    0x00006f3f      0xcde C:\Users\Danijel\Documents\LPCXpresso_4.2.3_292\workspace\Lib_MCU\Release\libLib_MCU.a(timer16.o)
 .debug_info    0x00007c1d      0xd17 C:\Users\Danijel\Documents\LPCXpresso_4.2.3_292\workspace\Lib_MCU\Release\libLib_MCU.a(timer32.o)

.debug_line     0x00000000     0x5527
 .debug_line    0x00000000      0x190 ./src/cr_startup_lpc13.o
 .debug_line    0x00000190      0x82b ./src/main.o
 .debug_line    0x000009bb      0x17f C:\Users\Danijel\Documents\LPCXpresso_4.2.3_292\workspace\CMSISv2p00_LPC13xx\Release\libCMSISv2p00_LPC13xx.a(system_LPC13xx.o)
 .debug_line    0x00000b3a      0x4e2 C:\Users\Danijel\Documents\LPCXpresso_4.2.3_292\workspace\Lib_EaBaseBoard\Release\libLib_EaBaseBoard.a(acc.o)
 .debug_line    0x0000101c      0x47c C:\Users\Danijel\Documents\LPCXpresso_4.2.3_292\workspace\Lib_EaBaseBoard\Release\libLib_EaBaseBoard.a(led7seg.o)
 .debug_line    0x00001498      0x5b2 C:\Users\Danijel\Documents\LPCXpresso_4.2.3_292\workspace\Lib_EaBaseBoard\Release\libLib_EaBaseBoard.a(light.o)
 .debug_line    0x00001a4a      0x923 C:\Users\Danijel\Documents\LPCXpresso_4.2.3_292\workspace\Lib_EaBaseBoard\Release\libLib_EaBaseBoard.a(oled.o)
 .debug_line    0x0000236d      0x578 C:\Users\Danijel\Documents\LPCXpresso_4.2.3_292\workspace\Lib_EaBaseBoard\Release\libLib_EaBaseBoard.a(pca9532.o)
 .debug_line    0x000028e5      0x472 C:\Users\Danijel\Documents\LPCXpresso_4.2.3_292\workspace\Lib_EaBaseBoard\Release\libLib_EaBaseBoard.a(rgb.o)
 .debug_line    0x00002d57      0x4b9 C:\Users\Danijel\Documents\LPCXpresso_4.2.3_292\workspace\Lib_EaBaseBoard\Release\libLib_EaBaseBoard.a(rotary.o)
 .debug_line    0x00003210      0x47a C:\Users\Danijel\Documents\LPCXpresso_4.2.3_292\workspace\Lib_EaBaseBoard\Release\libLib_EaBaseBoard.a(temp.o)
 .debug_line    0x0000368a       0x8f C:\Users\Danijel\Documents\LPCXpresso_4.2.3_292\workspace\Lib_EaBaseBoard\Release\libLib_EaBaseBoard.a(font5x7.o)
 .debug_line    0x00003719      0x44b C:\Users\Danijel\Documents\LPCXpresso_4.2.3_292\workspace\Lib_MCU\Release\libLib_MCU.a(adc.o)
 .debug_line    0x00003b64      0x5aa C:\Users\Danijel\Documents\LPCXpresso_4.2.3_292\workspace\Lib_MCU\Release\libLib_MCU.a(gpio.o)
 .debug_line    0x0000410e      0x52b C:\Users\Danijel\Documents\LPCXpresso_4.2.3_292\workspace\Lib_MCU\Release\libLib_MCU.a(i2c.o)
 .debug_line    0x00004639      0x4c6 C:\Users\Danijel\Documents\LPCXpresso_4.2.3_292\workspace\Lib_MCU\Release\libLib_MCU.a(ssp.o)
 .debug_line    0x00004aff      0x4f8 C:\Users\Danijel\Documents\LPCXpresso_4.2.3_292\workspace\Lib_MCU\Release\libLib_MCU.a(timer16.o)
 .debug_line    0x00004ff7      0x530 C:\Users\Danijel\Documents\LPCXpresso_4.2.3_292\workspace\Lib_MCU\Release\libLib_MCU.a(timer32.o)

.debug_loc      0x00000000     0x4200
 .debug_loc     0x00000000      0x1b8 ./src/cr_startup_lpc13.o
 .debug_loc     0x000001b8     0x12d3 ./src/main.o
 .debug_loc     0x0000148b       0x67 C:\Users\Danijel\Documents\LPCXpresso_4.2.3_292\workspace\CMSISv2p00_LPC13xx\Release\libCMSISv2p00_LPC13xx.a(system_LPC13xx.o)
 .debug_loc     0x000014f2      0x1b6 C:\Users\Danijel\Documents\LPCXpresso_4.2.3_292\workspace\Lib_EaBaseBoard\Release\libLib_EaBaseBoard.a(acc.o)
 .debug_loc     0x000016a8       0x7d C:\Users\Danijel\Documents\LPCXpresso_4.2.3_292\workspace\Lib_EaBaseBoard\Release\libLib_EaBaseBoard.a(led7seg.o)
 .debug_loc     0x00001725      0x3be C:\Users\Danijel\Documents\LPCXpresso_4.2.3_292\workspace\Lib_EaBaseBoard\Release\libLib_EaBaseBoard.a(light.o)
 .debug_loc     0x00001ae3     0x1489 C:\Users\Danijel\Documents\LPCXpresso_4.2.3_292\workspace\Lib_EaBaseBoard\Release\libLib_EaBaseBoard.a(oled.o)
 .debug_loc     0x00002f6c      0x2cd C:\Users\Danijel\Documents\LPCXpresso_4.2.3_292\workspace\Lib_EaBaseBoard\Release\libLib_EaBaseBoard.a(pca9532.o)
 .debug_loc     0x00003239       0x5e C:\Users\Danijel\Documents\LPCXpresso_4.2.3_292\workspace\Lib_EaBaseBoard\Release\libLib_EaBaseBoard.a(rgb.o)
 .debug_loc     0x00003297      0x159 C:\Users\Danijel\Documents\LPCXpresso_4.2.3_292\workspace\Lib_EaBaseBoard\Release\libLib_EaBaseBoard.a(rotary.o)
 .debug_loc     0x000033f0      0x114 C:\Users\Danijel\Documents\LPCXpresso_4.2.3_292\workspace\Lib_EaBaseBoard\Release\libLib_EaBaseBoard.a(temp.o)
 .debug_loc     0x00003504       0x77 C:\Users\Danijel\Documents\LPCXpresso_4.2.3_292\workspace\Lib_MCU\Release\libLib_MCU.a(adc.o)
 .debug_loc     0x0000357b      0x614 C:\Users\Danijel\Documents\LPCXpresso_4.2.3_292\workspace\Lib_MCU\Release\libLib_MCU.a(gpio.o)
 .debug_loc     0x00003b8f      0x1da C:\Users\Danijel\Documents\LPCXpresso_4.2.3_292\workspace\Lib_MCU\Release\libLib_MCU.a(i2c.o)
 .debug_loc     0x00003d69      0x13f C:\Users\Danijel\Documents\LPCXpresso_4.2.3_292\workspace\Lib_MCU\Release\libLib_MCU.a(ssp.o)
 .debug_loc     0x00003ea8      0x17e C:\Users\Danijel\Documents\LPCXpresso_4.2.3_292\workspace\Lib_MCU\Release\libLib_MCU.a(timer16.o)
 .debug_loc     0x00004026      0x1da C:\Users\Danijel\Documents\LPCXpresso_4.2.3_292\workspace\Lib_MCU\Release\libLib_MCU.a(timer32.o)

.debug_pubnames
                0x00000000      0x9b1
 .debug_pubnames
                0x00000000      0x115 ./src/cr_startup_lpc13.o
 .debug_pubnames
                0x00000115      0x194 ./src/main.o
 .debug_pubnames
                0x000002a9       0x4f C:\Users\Danijel\Documents\LPCXpresso_4.2.3_292\workspace\CMSISv2p00_LPC13xx\Release\libCMSISv2p00_LPC13xx.a(system_LPC13xx.o)
 .debug_pubnames
                0x000002f8       0x4d C:\Users\Danijel\Documents\LPCXpresso_4.2.3_292\workspace\Lib_EaBaseBoard\Release\libLib_EaBaseBoard.a(acc.o)
 .debug_pubnames
                0x00000345       0x37 C:\Users\Danijel\Documents\LPCXpresso_4.2.3_292\workspace\Lib_EaBaseBoard\Release\libLib_EaBaseBoard.a(led7seg.o)
 .debug_pubnames
                0x0000037c      0x107 C:\Users\Danijel\Documents\LPCXpresso_4.2.3_292\workspace\Lib_EaBaseBoard\Release\libLib_EaBaseBoard.a(light.o)
 .debug_pubnames
                0x00000483       0xa9 C:\Users\Danijel\Documents\LPCXpresso_4.2.3_292\workspace\Lib_EaBaseBoard\Release\libLib_EaBaseBoard.a(oled.o)
 .debug_pubnames
                0x0000052c       0xef C:\Users\Danijel\Documents\LPCXpresso_4.2.3_292\workspace\Lib_EaBaseBoard\Release\libLib_EaBaseBoard.a(pca9532.o)
 .debug_pubnames
                0x0000061b       0x2f C:\Users\Danijel\Documents\LPCXpresso_4.2.3_292\workspace\Lib_EaBaseBoard\Release\libLib_EaBaseBoard.a(rgb.o)
 .debug_pubnames
                0x0000064a       0x32 C:\Users\Danijel\Documents\LPCXpresso_4.2.3_292\workspace\Lib_EaBaseBoard\Release\libLib_EaBaseBoard.a(rotary.o)
 .debug_pubnames
                0x0000067c       0x2e C:\Users\Danijel\Documents\LPCXpresso_4.2.3_292\workspace\Lib_EaBaseBoard\Release\libLib_EaBaseBoard.a(temp.o)
 .debug_pubnames
                0x000006aa       0x1e C:\Users\Danijel\Documents\LPCXpresso_4.2.3_292\workspace\Lib_EaBaseBoard\Release\libLib_EaBaseBoard.a(font5x7.o)
 .debug_pubnames
                0x000006c8       0x57 C:\Users\Danijel\Documents\LPCXpresso_4.2.3_292\workspace\Lib_MCU\Release\libLib_MCU.a(adc.o)
 .debug_pubnames
                0x0000071f       0xad C:\Users\Danijel\Documents\LPCXpresso_4.2.3_292\workspace\Lib_MCU\Release\libLib_MCU.a(gpio.o)
 .debug_pubnames
                0x000007cc       0x71 C:\Users\Danijel\Documents\LPCXpresso_4.2.3_292\workspace\Lib_MCU\Release\libLib_MCU.a(i2c.o)
 .debug_pubnames
                0x0000083d       0x94 C:\Users\Danijel\Documents\LPCXpresso_4.2.3_292\workspace\Lib_MCU\Release\libLib_MCU.a(ssp.o)
 .debug_pubnames
                0x000008d1       0x68 C:\Users\Danijel\Documents\LPCXpresso_4.2.3_292\workspace\Lib_MCU\Release\libLib_MCU.a(timer16.o)
 .debug_pubnames
                0x00000939       0x78 C:\Users\Danijel\Documents\LPCXpresso_4.2.3_292\workspace\Lib_MCU\Release\libLib_MCU.a(timer32.o)

.debug_pubtypes
                0x00000000      0x6be
 .debug_pubtypes
                0x00000000       0x1e ./src/cr_startup_lpc13.o
 .debug_pubtypes
                0x0000001e       0xe8 ./src/main.o
 .debug_pubtypes
                0x00000106       0x42 C:\Users\Danijel\Documents\LPCXpresso_4.2.3_292\workspace\CMSISv2p00_LPC13xx\Release\libCMSISv2p00_LPC13xx.a(system_LPC13xx.o)
 .debug_pubtypes
                0x00000148       0x48 C:\Users\Danijel\Documents\LPCXpresso_4.2.3_292\workspace\Lib_EaBaseBoard\Release\libLib_EaBaseBoard.a(acc.o)
 .debug_pubtypes
                0x00000190       0x2b C:\Users\Danijel\Documents\LPCXpresso_4.2.3_292\workspace\Lib_EaBaseBoard\Release\libLib_EaBaseBoard.a(led7seg.o)
 .debug_pubtypes
                0x000001bb       0x72 C:\Users\Danijel\Documents\LPCXpresso_4.2.3_292\workspace\Lib_EaBaseBoard\Release\libLib_EaBaseBoard.a(light.o)
 .debug_pubtypes
                0x0000022d       0x60 C:\Users\Danijel\Documents\LPCXpresso_4.2.3_292\workspace\Lib_EaBaseBoard\Release\libLib_EaBaseBoard.a(oled.o)
 .debug_pubtypes
                0x0000028d       0x38 C:\Users\Danijel\Documents\LPCXpresso_4.2.3_292\workspace\Lib_EaBaseBoard\Release\libLib_EaBaseBoard.a(pca9532.o)
 .debug_pubtypes
                0x000002c5       0x41 C:\Users\Danijel\Documents\LPCXpresso_4.2.3_292\workspace\Lib_EaBaseBoard\Release\libLib_EaBaseBoard.a(rgb.o)
 .debug_pubtypes
                0x00000306       0x40 C:\Users\Danijel\Documents\LPCXpresso_4.2.3_292\workspace\Lib_EaBaseBoard\Release\libLib_EaBaseBoard.a(rotary.o)
 .debug_pubtypes
                0x00000346       0x4c C:\Users\Danijel\Documents\LPCXpresso_4.2.3_292\workspace\Lib_EaBaseBoard\Release\libLib_EaBaseBoard.a(temp.o)
 .debug_pubtypes
                0x00000392       0x6c C:\Users\Danijel\Documents\LPCXpresso_4.2.3_292\workspace\Lib_MCU\Release\libLib_MCU.a(adc.o)
 .debug_pubtypes
                0x000003fe       0x7c C:\Users\Danijel\Documents\LPCXpresso_4.2.3_292\workspace\Lib_MCU\Release\libLib_MCU.a(gpio.o)
 .debug_pubtypes
                0x0000047a       0x91 C:\Users\Danijel\Documents\LPCXpresso_4.2.3_292\workspace\Lib_MCU\Release\libLib_MCU.a(i2c.o)
 .debug_pubtypes
                0x0000050b       0x91 C:\Users\Danijel\Documents\LPCXpresso_4.2.3_292\workspace\Lib_MCU\Release\libLib_MCU.a(ssp.o)
 .debug_pubtypes
                0x0000059c       0x91 C:\Users\Danijel\Documents\LPCXpresso_4.2.3_292\workspace\Lib_MCU\Release\libLib_MCU.a(timer16.o)
 .debug_pubtypes
                0x0000062d       0x91 C:\Users\Danijel\Documents\LPCXpresso_4.2.3_292\workspace\Lib_MCU\Release\libLib_MCU.a(timer32.o)

.debug_aranges  0x00000000      0x520
 .debug_aranges
                0x00000000       0x80 ./src/cr_startup_lpc13.o
 .debug_aranges
                0x00000080       0x80 ./src/main.o
 .debug_aranges
                0x00000100       0x28 C:\Users\Danijel\Documents\LPCXpresso_4.2.3_292\workspace\CMSISv2p00_LPC13xx\Release\libCMSISv2p00_LPC13xx.a(system_LPC13xx.o)
 .debug_aranges
                0x00000128       0x48 C:\Users\Danijel\Documents\LPCXpresso_4.2.3_292\workspace\Lib_EaBaseBoard\Release\libLib_EaBaseBoard.a(acc.o)
 .debug_aranges
                0x00000170       0x28 C:\Users\Danijel\Documents\LPCXpresso_4.2.3_292\workspace\Lib_EaBaseBoard\Release\libLib_EaBaseBoard.a(led7seg.o)
 .debug_aranges
                0x00000198       0x88 C:\Users\Danijel\Documents\LPCXpresso_4.2.3_292\workspace\Lib_EaBaseBoard\Release\libLib_EaBaseBoard.a(light.o)
 .debug_aranges
                0x00000220       0x78 C:\Users\Danijel\Documents\LPCXpresso_4.2.3_292\workspace\Lib_EaBaseBoard\Release\libLib_EaBaseBoard.a(oled.o)
 .debug_aranges
                0x00000298       0x70 C:\Users\Danijel\Documents\LPCXpresso_4.2.3_292\workspace\Lib_EaBaseBoard\Release\libLib_EaBaseBoard.a(pca9532.o)
 .debug_aranges
                0x00000308       0x28 C:\Users\Danijel\Documents\LPCXpresso_4.2.3_292\workspace\Lib_EaBaseBoard\Release\libLib_EaBaseBoard.a(rgb.o)
 .debug_aranges
                0x00000330       0x28 C:\Users\Danijel\Documents\LPCXpresso_4.2.3_292\workspace\Lib_EaBaseBoard\Release\libLib_EaBaseBoard.a(rotary.o)
 .debug_aranges
                0x00000358       0x28 C:\Users\Danijel\Documents\LPCXpresso_4.2.3_292\workspace\Lib_EaBaseBoard\Release\libLib_EaBaseBoard.a(temp.o)
 .debug_aranges
                0x00000380       0x30 C:\Users\Danijel\Documents\LPCXpresso_4.2.3_292\workspace\Lib_MCU\Release\libLib_MCU.a(adc.o)
 .debug_aranges
                0x000003b0       0x60 C:\Users\Danijel\Documents\LPCXpresso_4.2.3_292\workspace\Lib_MCU\Release\libLib_MCU.a(gpio.o)
 .debug_aranges
                0x00000410       0x50 C:\Users\Danijel\Documents\LPCXpresso_4.2.3_292\workspace\Lib_MCU\Release\libLib_MCU.a(i2c.o)
 .debug_aranges
                0x00000460       0x38 C:\Users\Danijel\Documents\LPCXpresso_4.2.3_292\workspace\Lib_MCU\Release\libLib_MCU.a(ssp.o)
 .debug_aranges
                0x00000498       0x40 C:\Users\Danijel\Documents\LPCXpresso_4.2.3_292\workspace\Lib_MCU\Release\libLib_MCU.a(timer16.o)
 .debug_aranges
                0x000004d8       0x48 C:\Users\Danijel\Documents\LPCXpresso_4.2.3_292\workspace\Lib_MCU\Release\libLib_MCU.a(timer32.o)

.debug_ranges   0x00000000      0x600
 .debug_ranges  0x00000000       0x70 ./src/cr_startup_lpc13.o
 .debug_ranges  0x00000070       0x70 ./src/main.o
 .debug_ranges  0x000000e0       0x18 C:\Users\Danijel\Documents\LPCXpresso_4.2.3_292\workspace\CMSISv2p00_LPC13xx\Release\libCMSISv2p00_LPC13xx.a(system_LPC13xx.o)
 .debug_ranges  0x000000f8       0x38 C:\Users\Danijel\Documents\LPCXpresso_4.2.3_292\workspace\Lib_EaBaseBoard\Release\libLib_EaBaseBoard.a(acc.o)
 .debug_ranges  0x00000130       0x18 C:\Users\Danijel\Documents\LPCXpresso_4.2.3_292\workspace\Lib_EaBaseBoard\Release\libLib_EaBaseBoard.a(led7seg.o)
 .debug_ranges  0x00000148       0x78 C:\Users\Danijel\Documents\LPCXpresso_4.2.3_292\workspace\Lib_EaBaseBoard\Release\libLib_EaBaseBoard.a(light.o)
 .debug_ranges  0x000001c0       0xe8 C:\Users\Danijel\Documents\LPCXpresso_4.2.3_292\workspace\Lib_EaBaseBoard\Release\libLib_EaBaseBoard.a(oled.o)
 .debug_ranges  0x000002a8       0x60 C:\Users\Danijel\Documents\LPCXpresso_4.2.3_292\workspace\Lib_EaBaseBoard\Release\libLib_EaBaseBoard.a(pca9532.o)
 .debug_ranges  0x00000308       0x18 C:\Users\Danijel\Documents\LPCXpresso_4.2.3_292\workspace\Lib_EaBaseBoard\Release\libLib_EaBaseBoard.a(rgb.o)
 .debug_ranges  0x00000320       0x18 C:\Users\Danijel\Documents\LPCXpresso_4.2.3_292\workspace\Lib_EaBaseBoard\Release\libLib_EaBaseBoard.a(rotary.o)
 .debug_ranges  0x00000338       0x18 C:\Users\Danijel\Documents\LPCXpresso_4.2.3_292\workspace\Lib_EaBaseBoard\Release\libLib_EaBaseBoard.a(temp.o)
 .debug_ranges  0x00000350       0x20 C:\Users\Danijel\Documents\LPCXpresso_4.2.3_292\workspace\Lib_MCU\Release\libLib_MCU.a(adc.o)
 .debug_ranges  0x00000370       0xb8 C:\Users\Danijel\Documents\LPCXpresso_4.2.3_292\workspace\Lib_MCU\Release\libLib_MCU.a(gpio.o)
 .debug_ranges  0x00000428       0x88 C:\Users\Danijel\Documents\LPCXpresso_4.2.3_292\workspace\Lib_MCU\Release\libLib_MCU.a(i2c.o)
 .debug_ranges  0x000004b0       0x48 C:\Users\Danijel\Documents\LPCXpresso_4.2.3_292\workspace\Lib_MCU\Release\libLib_MCU.a(ssp.o)
 .debug_ranges  0x000004f8       0x80 C:\Users\Danijel\Documents\LPCXpresso_4.2.3_292\workspace\Lib_MCU\Release\libLib_MCU.a(timer16.o)
 .debug_ranges  0x00000578       0x88 C:\Users\Danijel\Documents\LPCXpresso_4.2.3_292\workspace\Lib_MCU\Release\libLib_MCU.a(timer32.o)

.debug_str      0x00000000     0x1a94
 .debug_str     0x00000000      0x242 ./src/cr_startup_lpc13.o
                                0x272 (size before relaxing)
 .debug_str     0x00000242      0xc6e ./src/main.o
                                0xdaf (size before relaxing)
 .debug_str     0x00000eb0       0x9c C:\Users\Danijel\Documents\LPCXpresso_4.2.3_292\workspace\CMSISv2p00_LPC13xx\Release\libCMSISv2p00_LPC13xx.a(system_LPC13xx.o)
                                0x426 (size before relaxing)
 .debug_str     0x00000f4c      0x140 C:\Users\Danijel\Documents\LPCXpresso_4.2.3_292\workspace\Lib_EaBaseBoard\Release\libLib_EaBaseBoard.a(acc.o)
                                0x1e1 (size before relaxing)
 .debug_str     0x0000108c       0x3c C:\Users\Danijel\Documents\LPCXpresso_4.2.3_292\workspace\Lib_EaBaseBoard\Release\libLib_EaBaseBoard.a(led7seg.o)
                                0x131 (size before relaxing)
 .debug_str     0x000010c8      0x1bd C:\Users\Danijel\Documents\LPCXpresso_4.2.3_292\workspace\Lib_EaBaseBoard\Release\libLib_EaBaseBoard.a(light.o)
                                0x34f (size before relaxing)
 .debug_str     0x00001285      0x1a9 C:\Users\Danijel\Documents\LPCXpresso_4.2.3_292\workspace\Lib_EaBaseBoard\Release\libLib_EaBaseBoard.a(oled.o)
                                0x2e2 (size before relaxing)
 .debug_str     0x0000142e      0x136 C:\Users\Danijel\Documents\LPCXpresso_4.2.3_292\workspace\Lib_EaBaseBoard\Release\libLib_EaBaseBoard.a(pca9532.o)
                                0x241 (size before relaxing)
 .debug_str     0x00001564       0x22 C:\Users\Danijel\Documents\LPCXpresso_4.2.3_292\workspace\Lib_EaBaseBoard\Release\libLib_EaBaseBoard.a(rgb.o)
                                0x2b7 (size before relaxing)
 .debug_str     0x00001586       0x34 C:\Users\Danijel\Documents\LPCXpresso_4.2.3_292\workspace\Lib_EaBaseBoard\Release\libLib_EaBaseBoard.a(rotary.o)
                                0x161 (size before relaxing)
 .debug_str     0x000015ba       0x2d C:\Users\Danijel\Documents\LPCXpresso_4.2.3_292\workspace\Lib_EaBaseBoard\Release\libLib_EaBaseBoard.a(temp.o)
                                0x171 (size before relaxing)
 .debug_str     0x000015e7       0x11 C:\Users\Danijel\Documents\LPCXpresso_4.2.3_292\workspace\Lib_EaBaseBoard\Release\libLib_EaBaseBoard.a(font5x7.o)
                                 0x92 (size before relaxing)
 .debug_str     0x000015f8       0xc1 C:\Users\Danijel\Documents\LPCXpresso_4.2.3_292\workspace\Lib_MCU\Release\libLib_MCU.a(adc.o)
                                0x5be (size before relaxing)
 .debug_str     0x000016b9       0xf8 C:\Users\Danijel\Documents\LPCXpresso_4.2.3_292\workspace\Lib_MCU\Release\libLib_MCU.a(gpio.o)
                                0x871 (size before relaxing)
 .debug_str     0x000017b1      0x169 C:\Users\Danijel\Documents\LPCXpresso_4.2.3_292\workspace\Lib_MCU\Release\libLib_MCU.a(i2c.o)
                                0xa49 (size before relaxing)
 .debug_str     0x0000191a       0x9c C:\Users\Danijel\Documents\LPCXpresso_4.2.3_292\workspace\Lib_MCU\Release\libLib_MCU.a(ssp.o)
                                0x97e (size before relaxing)
 .debug_str     0x000019b6       0x75 C:\Users\Danijel\Documents\LPCXpresso_4.2.3_292\workspace\Lib_MCU\Release\libLib_MCU.a(timer16.o)
                                0x981 (size before relaxing)
 .debug_str     0x00001a2b       0x69 C:\Users\Danijel\Documents\LPCXpresso_4.2.3_292\workspace\Lib_MCU\Release\libLib_MCU.a(timer32.o)
                                0x997 (size before relaxing)

.comment        0x00000000       0x2a
 .comment       0x00000000       0x2a ./src/cr_startup_lpc13.o
                                 0x2b (size before relaxing)
 .comment       0x00000000       0x2b ./src/main.o
 .comment       0x00000000       0x2b C:\Users\Danijel\Documents\LPCXpresso_4.2.3_292\workspace\CMSISv2p00_LPC13xx\Release\libCMSISv2p00_LPC13xx.a(system_LPC13xx.o)
 .comment       0x00000000       0x2b C:\Users\Danijel\Documents\LPCXpresso_4.2.3_292\workspace\Lib_EaBaseBoard\Release\libLib_EaBaseBoard.a(acc.o)
 .comment       0x00000000       0x2b C:\Users\Danijel\Documents\LPCXpresso_4.2.3_292\workspace\Lib_EaBaseBoard\Release\libLib_EaBaseBoard.a(led7seg.o)
 .comment       0x00000000       0x2b C:\Users\Danijel\Documents\LPCXpresso_4.2.3_292\workspace\Lib_EaBaseBoard\Release\libLib_EaBaseBoard.a(light.o)
 .comment       0x00000000       0x2b C:\Users\Danijel\Documents\LPCXpresso_4.2.3_292\workspace\Lib_EaBaseBoard\Release\libLib_EaBaseBoard.a(oled.o)
 .comment       0x00000000       0x2b C:\Users\Danijel\Documents\LPCXpresso_4.2.3_292\workspace\Lib_EaBaseBoard\Release\libLib_EaBaseBoard.a(pca9532.o)
 .comment       0x00000000       0x2b C:\Users\Danijel\Documents\LPCXpresso_4.2.3_292\workspace\Lib_EaBaseBoard\Release\libLib_EaBaseBoard.a(rgb.o)
 .comment       0x00000000       0x2b C:\Users\Danijel\Documents\LPCXpresso_4.2.3_292\workspace\Lib_EaBaseBoard\Release\libLib_EaBaseBoard.a(rotary.o)
 .comment       0x00000000       0x2b C:\Users\Danijel\Documents\LPCXpresso_4.2.3_292\workspace\Lib_EaBaseBoard\Release\libLib_EaBaseBoard.a(temp.o)
 .comment       0x00000000       0x2b C:\Users\Danijel\Documents\LPCXpresso_4.2.3_292\workspace\Lib_EaBaseBoard\Release\libLib_EaBaseBoard.a(font5x7.o)
 .comment       0x00000000       0x2b C:\Users\Danijel\Documents\LPCXpresso_4.2.3_292\workspace\Lib_MCU\Release\libLib_MCU.a(adc.o)
 .comment       0x00000000       0x2b C:\Users\Danijel\Documents\LPCXpresso_4.2.3_292\workspace\Lib_MCU\Release\libLib_MCU.a(gpio.o)
 .comment       0x00000000       0x2b C:\Users\Danijel\Documents\LPCXpresso_4.2.3_292\workspace\Lib_MCU\Release\libLib_MCU.a(i2c.o)
 .comment       0x00000000       0x2b C:\Users\Danijel\Documents\LPCXpresso_4.2.3_292\workspace\Lib_MCU\Release\libLib_MCU.a(ssp.o)
 .comment       0x00000000       0x2b C:\Users\Danijel\Documents\LPCXpresso_4.2.3_292\workspace\Lib_MCU\Release\libLib_MCU.a(timer16.o)
 .comment       0x00000000       0x2b C:\Users\Danijel\Documents\LPCXpresso_4.2.3_292\workspace\Lib_MCU\Release\libLib_MCU.a(timer32.o)
 .comment       0x00000000       0x2b c:/nxp/lpcxpresso_4.2.3_292/lpcxpresso/tools/bin/../lib/gcc/arm-none-eabi/4.5.1/../../../../arm-none-eabi/lib/thumb2\libcr_c.a(__weak__main.o)
 .comment       0x00000000       0x2b c:/nxp/lpcxpresso_4.2.3_292/lpcxpresso/tools/bin/../lib/gcc/arm-none-eabi/4.5.1/../../../../arm-none-eabi/lib/thumb2\libcr_c.a(memset.o)
 .comment       0x00000000       0x2b c:/nxp/lpcxpresso_4.2.3_292/lpcxpresso/tools/bin/../lib/gcc/arm-none-eabi/4.5.1/thumb2\libcr_eabihelpers.a(double.o)
 .comment       0x00000000       0x2b c:/nxp/lpcxpresso_4.2.3_292/lpcxpresso/tools/bin/../lib/gcc/arm-none-eabi/4.5.1/thumb2\libcr_eabihelpers.a(float.o)

.ARM.attributes
                0x00000000       0x2f
 .ARM.attributes
                0x00000000       0x31 ./src/cr_startup_lpc13.o
 .ARM.attributes
                0x00000031       0x31 ./src/main.o
 .ARM.attributes
                0x00000062       0x31 C:\Users\Danijel\Documents\LPCXpresso_4.2.3_292\workspace\CMSISv2p00_LPC13xx\Release\libCMSISv2p00_LPC13xx.a(system_LPC13xx.o)
 .ARM.attributes
                0x00000093       0x31 C:\Users\Danijel\Documents\LPCXpresso_4.2.3_292\workspace\Lib_EaBaseBoard\Release\libLib_EaBaseBoard.a(acc.o)
 .ARM.attributes
                0x000000c4       0x31 C:\Users\Danijel\Documents\LPCXpresso_4.2.3_292\workspace\Lib_EaBaseBoard\Release\libLib_EaBaseBoard.a(led7seg.o)
 .ARM.attributes
                0x000000f5       0x31 C:\Users\Danijel\Documents\LPCXpresso_4.2.3_292\workspace\Lib_EaBaseBoard\Release\libLib_EaBaseBoard.a(light.o)
 .ARM.attributes
                0x00000126       0x31 C:\Users\Danijel\Documents\LPCXpresso_4.2.3_292\workspace\Lib_EaBaseBoard\Release\libLib_EaBaseBoard.a(oled.o)
 .ARM.attributes
                0x00000157       0x31 C:\Users\Danijel\Documents\LPCXpresso_4.2.3_292\workspace\Lib_EaBaseBoard\Release\libLib_EaBaseBoard.a(pca9532.o)
 .ARM.attributes
                0x00000188       0x31 C:\Users\Danijel\Documents\LPCXpresso_4.2.3_292\workspace\Lib_EaBaseBoard\Release\libLib_EaBaseBoard.a(rgb.o)
 .ARM.attributes
                0x000001b9       0x31 C:\Users\Danijel\Documents\LPCXpresso_4.2.3_292\workspace\Lib_EaBaseBoard\Release\libLib_EaBaseBoard.a(rotary.o)
 .ARM.attributes
                0x000001ea       0x31 C:\Users\Danijel\Documents\LPCXpresso_4.2.3_292\workspace\Lib_EaBaseBoard\Release\libLib_EaBaseBoard.a(temp.o)
 .ARM.attributes
                0x0000021b       0x31 C:\Users\Danijel\Documents\LPCXpresso_4.2.3_292\workspace\Lib_EaBaseBoard\Release\libLib_EaBaseBoard.a(font5x7.o)
 .ARM.attributes
                0x0000024c       0x31 C:\Users\Danijel\Documents\LPCXpresso_4.2.3_292\workspace\Lib_MCU\Release\libLib_MCU.a(adc.o)
 .ARM.attributes
                0x0000027d       0x31 C:\Users\Danijel\Documents\LPCXpresso_4.2.3_292\workspace\Lib_MCU\Release\libLib_MCU.a(gpio.o)
 .ARM.attributes
                0x000002ae       0x31 C:\Users\Danijel\Documents\LPCXpresso_4.2.3_292\workspace\Lib_MCU\Release\libLib_MCU.a(i2c.o)
 .ARM.attributes
                0x000002df       0x31 C:\Users\Danijel\Documents\LPCXpresso_4.2.3_292\workspace\Lib_MCU\Release\libLib_MCU.a(ssp.o)
 .ARM.attributes
                0x00000310       0x31 C:\Users\Danijel\Documents\LPCXpresso_4.2.3_292\workspace\Lib_MCU\Release\libLib_MCU.a(timer16.o)
 .ARM.attributes
                0x00000341       0x31 C:\Users\Danijel\Documents\LPCXpresso_4.2.3_292\workspace\Lib_MCU\Release\libLib_MCU.a(timer32.o)
 .ARM.attributes
                0x00000372       0x31 c:/nxp/lpcxpresso_4.2.3_292/lpcxpresso/tools/bin/../lib/gcc/arm-none-eabi/4.5.1/../../../../arm-none-eabi/lib/thumb2\libcr_c.a(__weak__main.o)
 .ARM.attributes
                0x000003a3       0x31 c:/nxp/lpcxpresso_4.2.3_292/lpcxpresso/tools/bin/../lib/gcc/arm-none-eabi/4.5.1/../../../../arm-none-eabi/lib/thumb2\libcr_c.a(memset.o)
 .ARM.attributes
                0x000003d4       0x31 c:/nxp/lpcxpresso_4.2.3_292/lpcxpresso/tools/bin/../lib/gcc/arm-none-eabi/4.5.1/thumb2\libcr_eabihelpers.a(double.o)
 .ARM.attributes
                0x00000405       0x31 c:/nxp/lpcxpresso_4.2.3_292/lpcxpresso/tools/bin/../lib/gcc/arm-none-eabi/4.5.1/thumb2\libcr_eabihelpers.a(float.o)
 .ARM.attributes
                0x00000436       0x21 c:/nxp/lpcxpresso_4.2.3_292/lpcxpresso/tools/bin/../lib/gcc/arm-none-eabi/4.5.1/thumb2\libcr_eabihelpers.a(memcpy.o)

.debug_frame    0x00000000      0xbc4
 .debug_frame   0x00000000       0xf0 ./src/cr_startup_lpc13.o
 .debug_frame   0x000000f0      0x170 ./src/main.o
 .debug_frame   0x00000260       0x30 C:\Users\Danijel\Documents\LPCXpresso_4.2.3_292\workspace\CMSISv2p00_LPC13xx\Release\libCMSISv2p00_LPC13xx.a(system_LPC13xx.o)
 .debug_frame   0x00000290       0xac C:\Users\Danijel\Documents\LPCXpresso_4.2.3_292\workspace\Lib_EaBaseBoard\Release\libLib_EaBaseBoard.a(acc.o)
 .debug_frame   0x0000033c       0x48 C:\Users\Danijel\Documents\LPCXpresso_4.2.3_292\workspace\Lib_EaBaseBoard\Release\libLib_EaBaseBoard.a(led7seg.o)
 .debug_frame   0x00000384      0x198 C:\Users\Danijel\Documents\LPCXpresso_4.2.3_292\workspace\Lib_EaBaseBoard\Release\libLib_EaBaseBoard.a(light.o)
 .debug_frame   0x0000051c      0x1b8 C:\Users\Danijel\Documents\LPCXpresso_4.2.3_292\workspace\Lib_EaBaseBoard\Release\libLib_EaBaseBoard.a(oled.o)
 .debug_frame   0x000006d4      0x134 C:\Users\Danijel\Documents\LPCXpresso_4.2.3_292\workspace\Lib_EaBaseBoard\Release\libLib_EaBaseBoard.a(pca9532.o)
 .debug_frame   0x00000808       0x40 C:\Users\Danijel\Documents\LPCXpresso_4.2.3_292\workspace\Lib_EaBaseBoard\Release\libLib_EaBaseBoard.a(rgb.o)
 .debug_frame   0x00000848       0x40 C:\Users\Danijel\Documents\LPCXpresso_4.2.3_292\workspace\Lib_EaBaseBoard\Release\libLib_EaBaseBoard.a(rotary.o)
 .debug_frame   0x00000888       0x44 C:\Users\Danijel\Documents\LPCXpresso_4.2.3_292\workspace\Lib_EaBaseBoard\Release\libLib_EaBaseBoard.a(temp.o)
 .debug_frame   0x000008cc       0x48 C:\Users\Danijel\Documents\LPCXpresso_4.2.3_292\workspace\Lib_MCU\Release\libLib_MCU.a(adc.o)
 .debug_frame   0x00000914       0xa8 C:\Users\Danijel\Documents\LPCXpresso_4.2.3_292\workspace\Lib_MCU\Release\libLib_MCU.a(gpio.o)
 .debug_frame   0x000009bc       0xa0 C:\Users\Danijel\Documents\LPCXpresso_4.2.3_292\workspace\Lib_MCU\Release\libLib_MCU.a(i2c.o)
 .debug_frame   0x00000a5c       0x70 C:\Users\Danijel\Documents\LPCXpresso_4.2.3_292\workspace\Lib_MCU\Release\libLib_MCU.a(ssp.o)
 .debug_frame   0x00000acc       0x70 C:\Users\Danijel\Documents\LPCXpresso_4.2.3_292\workspace\Lib_MCU\Release\libLib_MCU.a(timer16.o)
 .debug_frame   0x00000b3c       0x88 C:\Users\Danijel\Documents\LPCXpresso_4.2.3_292\workspace\Lib_MCU\Release\libLib_MCU.a(timer32.o)

.debug_macinfo  0x00000000    0x617cf
 .debug_macinfo
                0x00000000     0x6fad C:\Users\Danijel\Documents\LPCXpresso_4.2.3_292\workspace\Lib_EaBaseBoard\Release\libLib_EaBaseBoard.a(acc.o)
 .debug_macinfo
                0x00006fad     0x6e28 C:\Users\Danijel\Documents\LPCXpresso_4.2.3_292\workspace\Lib_EaBaseBoard\Release\libLib_EaBaseBoard.a(led7seg.o)
 .debug_macinfo
                0x0000ddd5     0x6ecc C:\Users\Danijel\Documents\LPCXpresso_4.2.3_292\workspace\Lib_EaBaseBoard\Release\libLib_EaBaseBoard.a(light.o)
 .debug_macinfo
                0x00014ca1     0x7239 C:\Users\Danijel\Documents\LPCXpresso_4.2.3_292\workspace\Lib_EaBaseBoard\Release\libLib_EaBaseBoard.a(oled.o)
 .debug_macinfo
                0x0001beda     0x6eea C:\Users\Danijel\Documents\LPCXpresso_4.2.3_292\workspace\Lib_EaBaseBoard\Release\libLib_EaBaseBoard.a(pca9532.o)
 .debug_macinfo
                0x00022dc4     0x6a5f C:\Users\Danijel\Documents\LPCXpresso_4.2.3_292\workspace\Lib_EaBaseBoard\Release\libLib_EaBaseBoard.a(rgb.o)
 .debug_macinfo
                0x00029823     0x6ad3 C:\Users\Danijel\Documents\LPCXpresso_4.2.3_292\workspace\Lib_EaBaseBoard\Release\libLib_EaBaseBoard.a(rotary.o)
 .debug_macinfo
                0x000302f6     0x6af9 C:\Users\Danijel\Documents\LPCXpresso_4.2.3_292\workspace\Lib_EaBaseBoard\Release\libLib_EaBaseBoard.a(temp.o)
 .debug_macinfo
                0x00036def     0x2745 C:\Users\Danijel\Documents\LPCXpresso_4.2.3_292\workspace\Lib_EaBaseBoard\Release\libLib_EaBaseBoard.a(font5x7.o)
 .debug_macinfo
                0x00039534     0x6a73 C:\Users\Danijel\Documents\LPCXpresso_4.2.3_292\workspace\Lib_MCU\Release\libLib_MCU.a(adc.o)
 .debug_macinfo
                0x0003ffa7     0x69e4 C:\Users\Danijel\Documents\LPCXpresso_4.2.3_292\workspace\Lib_MCU\Release\libLib_MCU.a(gpio.o)
 .debug_macinfo
                0x0004698b     0x6c78 C:\Users\Danijel\Documents\LPCXpresso_4.2.3_292\workspace\Lib_MCU\Release\libLib_MCU.a(i2c.o)
 .debug_macinfo
                0x0004d603     0x6d80 C:\Users\Danijel\Documents\LPCXpresso_4.2.3_292\workspace\Lib_MCU\Release\libLib_MCU.a(ssp.o)
 .debug_macinfo
                0x00054383     0x6a26 C:\Users\Danijel\Documents\LPCXpresso_4.2.3_292\workspace\Lib_MCU\Release\libLib_MCU.a(timer16.o)
 .debug_macinfo
                0x0005ada9     0x6a26 C:\Users\Danijel\Documents\LPCXpresso_4.2.3_292\workspace\Lib_MCU\Release\libLib_MCU.a(timer32.o)
